Component: ARM Compiler 5.06 update 5 (build 528) Tool: armlink [4d35e2]

==============================================================================

Section Cross References

    startup_stm32f103xb.o(STACK) refers (Special) to heapauxi.o(.text) for __use_two_region_memory
    startup_stm32f103xb.o(HEAP) refers (Special) to heapauxi.o(.text) for __use_two_region_memory
    startup_stm32f103xb.o(RESET) refers (Special) to heapauxi.o(.text) for __use_two_region_memory
    startup_stm32f103xb.o(RESET) refers to startup_stm32f103xb.o(STACK) for __initial_sp
    startup_stm32f103xb.o(RESET) refers to startup_stm32f103xb.o(.text) for Reset_Handler
    startup_stm32f103xb.o(RESET) refers to stm32f1xx_it.o(i.NMI_Handler) for NMI_Handler
    startup_stm32f103xb.o(RESET) refers to stm32f1xx_it.o(i.HardFault_Handler) for HardFault_Handler
    startup_stm32f103xb.o(RESET) refers to stm32f1xx_it.o(i.MemManage_Handler) for MemManage_Handler
    startup_stm32f103xb.o(RESET) refers to stm32f1xx_it.o(i.BusFault_Handler) for BusFault_Handler
    startup_stm32f103xb.o(RESET) refers to stm32f1xx_it.o(i.UsageFault_Handler) for UsageFault_Handler
    startup_stm32f103xb.o(RESET) refers to port.o(.emb_text) for SVC_Handler
    startup_stm32f103xb.o(RESET) refers to stm32f1xx_it.o(i.DebugMon_Handler) for DebugMon_Handler
    startup_stm32f103xb.o(RESET) refers to port.o(i.SysTick_Handler) for SysTick_Handler
    startup_stm32f103xb.o(RESET) refers to stm32f1xx_it.o(i.EXTI0_IRQHandler) for EXTI0_IRQHandler
    startup_stm32f103xb.o(RESET) refers to stm32f1xx_it.o(i.EXTI1_IRQHandler) for EXTI1_IRQHandler
    startup_stm32f103xb.o(RESET) refers to stm32f1xx_it.o(i.TIM1_BRK_IRQHandler) for TIM1_BRK_IRQHandler
    startup_stm32f103xb.o(RESET) refers to stm32f1xx_it.o(i.TIM4_IRQHandler) for TIM4_IRQHandler
    startup_stm32f103xb.o(RESET) refers to stm32f1xx_it.o(i.EXTI15_10_IRQHandler) for EXTI15_10_IRQHandler
    startup_stm32f103xb.o(.text) refers (Special) to heapauxi.o(.text) for __use_two_region_memory
    startup_stm32f103xb.o(.text) refers to system_stm32f1xx.o(i.SystemInit) for SystemInit
    startup_stm32f103xb.o(.text) refers to __main.o(!!!main) for __main
    startup_stm32f103xb.o(.text) refers to startup_stm32f103xb.o(HEAP) for Heap_Mem
    startup_stm32f103xb.o(.text) refers to startup_stm32f103xb.o(STACK) for Stack_Mem
    stm32f1xx_hal.o(i.HAL_DeInit) refers to stm32f1xx_hal.o(i.HAL_MspDeInit) for HAL_MspDeInit
    stm32f1xx_hal.o(i.HAL_Delay) refers to stm32f1xx_hal.o(i.HAL_GetTick) for HAL_GetTick
    stm32f1xx_hal.o(i.HAL_Delay) refers to stm32f1xx_hal.o(.data) for .data
    stm32f1xx_hal.o(i.HAL_GetTick) refers to stm32f1xx_hal.o(.data) for .data
    stm32f1xx_hal.o(i.HAL_GetTickFreq) refers to stm32f1xx_hal.o(.data) for .data
    stm32f1xx_hal.o(i.HAL_GetTickPrio) refers to stm32f1xx_hal.o(.data) for .data
    stm32f1xx_hal.o(i.HAL_IncTick) refers to stm32f1xx_hal.o(.data) for .data
    stm32f1xx_hal.o(i.HAL_Init) refers to stm32f1xx_hal_cortex.o(i.HAL_NVIC_SetPriorityGrouping) for HAL_NVIC_SetPriorityGrouping
    stm32f1xx_hal.o(i.HAL_Init) refers to stm32f1xx_hal_timebase_tim.o(i.HAL_InitTick) for HAL_InitTick
    stm32f1xx_hal.o(i.HAL_Init) refers to stm32f1xx_hal_msp.o(i.HAL_MspInit) for HAL_MspInit
    stm32f1xx_hal.o(i.HAL_InitTick) refers to stm32f1xx_hal_cortex.o(i.HAL_SYSTICK_Config) for HAL_SYSTICK_Config
    stm32f1xx_hal.o(i.HAL_InitTick) refers to stm32f1xx_hal_cortex.o(i.HAL_NVIC_SetPriority) for HAL_NVIC_SetPriority
    stm32f1xx_hal.o(i.HAL_InitTick) refers to stm32f1xx_hal.o(.data) for .data
    stm32f1xx_hal.o(i.HAL_InitTick) refers to system_stm32f1xx.o(.data) for SystemCoreClock
    stm32f1xx_hal.o(i.HAL_SetTickFreq) refers to stm32f1xx_hal_timebase_tim.o(i.HAL_InitTick) for HAL_InitTick
    stm32f1xx_hal.o(i.HAL_SetTickFreq) refers to stm32f1xx_hal.o(.data) for .data
    stm32f1xx_hal_rcc.o(i.HAL_RCC_ClockConfig) refers to stm32f1xx_hal.o(i.HAL_GetTick) for HAL_GetTick
    stm32f1xx_hal_rcc.o(i.HAL_RCC_ClockConfig) refers to stm32f1xx_hal_rcc.o(i.HAL_RCC_GetSysClockFreq) for HAL_RCC_GetSysClockFreq
    stm32f1xx_hal_rcc.o(i.HAL_RCC_ClockConfig) refers to stm32f1xx_hal_timebase_tim.o(i.HAL_InitTick) for HAL_InitTick
    stm32f1xx_hal_rcc.o(i.HAL_RCC_ClockConfig) refers to system_stm32f1xx.o(.constdata) for AHBPrescTable
    stm32f1xx_hal_rcc.o(i.HAL_RCC_ClockConfig) refers to system_stm32f1xx.o(.data) for SystemCoreClock
    stm32f1xx_hal_rcc.o(i.HAL_RCC_ClockConfig) refers to stm32f1xx_hal.o(.data) for uwTickPrio
    stm32f1xx_hal_rcc.o(i.HAL_RCC_DeInit) refers to stm32f1xx_hal.o(i.HAL_GetTick) for HAL_GetTick
    stm32f1xx_hal_rcc.o(i.HAL_RCC_DeInit) refers to stm32f1xx_hal_timebase_tim.o(i.HAL_InitTick) for HAL_InitTick
    stm32f1xx_hal_rcc.o(i.HAL_RCC_DeInit) refers to system_stm32f1xx.o(.data) for SystemCoreClock
    stm32f1xx_hal_rcc.o(i.HAL_RCC_DeInit) refers to stm32f1xx_hal.o(.data) for uwTickPrio
[...]
    __rt_exit_prels_1                        0x080001bd   Thumb Code     0  rtexit2.o(.ARM.Collect$$rtexit$$00000002)
    __rt_exit_exit                           0x080001c1   Thumb Code     0  rtexit2.o(.ARM.Collect$$rtexit$$00000004)
    SVC_Handler                              0x080001c9   Thumb Code    32  port.o(.emb_text)
    __asm___6_port_c_39a90d8d__prvStartFirstTask 0x080001ed   Thumb Code    28  port.o(.emb_text)
    PendSV_Handler                           0x0800020d   Thumb Code    72  port.o(.emb_text)
    vPortGetIPSR                             0x08000259   Thumb Code     6  port.o(.emb_text)
    Reset_Handler                            0x08000261   Thumb Code     8  startup_stm32f103xb.o(.text)
    ADC1_2_IRQHandler                        0x0800027b   Thumb Code     0  startup_stm32f103xb.o(.text)
    CAN1_RX1_IRQHandler                      0x0800027b   Thumb Code     0  startup_stm32f103xb.o(.text)
    CAN1_SCE_IRQHandler                      0x0800027b   Thumb Code     0  startup_stm32f103xb.o(.text)
    DMA1_Channel1_IRQHandler                 0x0800027b   Thumb Code     0  startup_stm32f103xb.o(.text)
    DMA1_Channel2_IRQHandler                 0x0800027b   Thumb Code     0  startup_stm32f103xb.o(.text)
    DMA1_Channel3_IRQHandler                 0x0800027b   Thumb Code     0  startup_stm32f103xb.o(.text)
    DMA1_Channel4_IRQHandler                 0x0800027b   Thumb Code     0  startup_stm32f103xb.o(.text)
    DMA1_Channel5_IRQHandler                 0x0800027b   Thumb Code     0  startup_stm32f103xb.o(.text)
    DMA1_Channel6_IRQHandler                 0x0800027b   Thumb Code     0  startup_stm32f103xb.o(.text)
    DMA1_Channel7_IRQHandler                 0x0800027b   Thumb Code     0  startup_stm32f103xb.o(.text)
    EXTI2_IRQHandler                         0x0800027b   Thumb Code     0  startup_stm32f103xb.o(.text)
    EXTI3_IRQHandler                         0x0800027b   Thumb Code     0  startup_stm32f103xb.o(.text)
    EXTI4_IRQHandler                         0x0800027b   Thumb Code     0  startup_stm32f103xb.o(.text)
    EXTI9_5_IRQHandler                       0x0800027b   Thumb Code     0  startup_stm32f103xb.o(.text)
    FLASH_IRQHandler                         0x0800027b   Thumb Code     0  startup_stm32f103xb.o(.text)
    I2C1_ER_IRQHandler                       0x0800027b   Thumb Code     0  startup_stm32f103xb.o(.text)
    I2C1_EV_IRQHandler                       0x0800027b   Thumb Code     0  startup_stm32f103xb.o(.text)
    I2C2_ER_IRQHandler                       0x0800027b   Thumb Code     0  startup_stm32f103xb.o(.text)
    I2C2_EV_IRQHandler                       0x0800027b   Thumb Code     0  startup_stm32f103xb.o(.text)
    PVD_IRQHandler                           0x0800027b   Thumb Code     0  startup_stm32f103xb.o(.text)
    RCC_IRQHandler                           0x0800027b   Thumb Code     0  startup_stm32f103xb.o(.text)
    RTC_Alarm_IRQHandler                     0x0800027b   Thumb Code     0  startup_stm32f103xb.o(.text)
    RTC_IRQHandler                           0x0800027b   Thumb Code     0  startup_stm32f103xb.o(.text)
    SPI1_IRQHandler                          0x0800027b   Thumb Code     0  startup_stm32f103xb.o(.text)
    SPI2_IRQHandler                          0x0800027b   Thumb Code     0  startup_stm32f103xb.o(.text)
    TAMPER_IRQHandler                        0x0800027b   Thumb Code     0  startup_stm32f103xb.o(.text)
    TIM1_CC_IRQHandler                       0x0800027b   Thumb Code     0  startup_stm32f103xb.o(.text)
    TIM1_TRG_COM_IRQHandler                  0x0800027b   Thumb Code     0  startup_stm32f103xb.o(.text)
    TIM1_UP_IRQHandler                       0x0800027b   Thumb Code     0  startup_stm32f103xb.o(.text)
    TIM2_IRQHandler                          0x0800027b   Thumb Code     0  startup_stm32f103xb.o(.text)
    TIM3_IRQHandler                          0x0800027b   Thumb Code     0  startup_stm32f103xb.o(.text)
    USART1_IRQHandler                        0x0800027b   Thumb Code     0  startup_stm32f103xb.o(.text)
    USART2_IRQHandler                        0x0800027b   Thumb Code     0  startup_stm32f103xb.o(.text)
    USART3_IRQHandler                        0x0800027b   Thumb Code     0  startup_stm32f103xb.o(.text)
    USBWakeUp_IRQHandler                     0x0800027b   Thumb Code     0  startup_stm32f103xb.o(.text)
    USB_HP_CAN1_TX_IRQHandler                0x0800027b   Thumb Code     0  startup_stm32f103xb.o(.text)
    USB_LP_CAN1_RX0_IRQHandler               0x0800027b   Thumb Code     0  startup_stm32f103xb.o(.text)
    WWDG_IRQHandler                          0x0800027b   Thumb Code     0  startup_stm32f103xb.o(.text)
    __user_initial_stackheap                 0x0800027d   Thumb Code     0  startup_stm32f103xb.o(.text)
    __aeabi_memcpy                           0x080002a1   Thumb Code     0  rt_memcpy_v6.o(.text)
    __rt_memcpy                              0x080002a1   Thumb Code   138  rt_memcpy_v6.o(.text)
    _memcpy_lastbytes                        0x08000307   Thumb Code     0  rt_memcpy_v6.o(.text)
    __aeabi_memcpy4                          0x0800032b   Thumb Code     0  rt_memcpy_w.o(.text)
    __aeabi_memcpy8                          0x0800032b   Thumb Code     0  rt_memcpy_w.o(.text)
    __rt_memcpy_w                            0x0800032b   Thumb Code   100  rt_memcpy_w.o(.text)
    _memcpy_lastbytes_aligned                0x08000373   Thumb Code     0  rt_memcpy_w.o(.text)
    __aeabi_memset                           0x0800038f   Thumb Code    16  aeabi_memset.o(.text)
    __aeabi_memclr                           0x0800039f   Thumb Code     0  rt_memclr.o(.text)
    __rt_memclr                              0x0800039f   Thumb Code    68  rt_memclr.o(.text)
    _memset                                  0x080003a3   Thumb Code     0  rt_memclr.o(.text)
    __aeabi_memclr4                          0x080003e3   Thumb Code     0  rt_memclr_w.o(.text)
    __aeabi_memclr8                          0x080003e3   Thumb Code     0  rt_memclr_w.o(.text)
    __rt_memclr_w                            0x080003e3   Thumb Code    78  rt_memclr_w.o(.text)
    _memset_w                                0x080003e7   Thumb Code     0  rt_memclr_w.o(.text)
    __use_two_region_memory                  0x08000431   Thumb Code     2  heapauxi.o(.text)
    __rt_heap_escrow$2region                 0x08000433   Thumb Code     2  heapauxi.o(.text)
    __rt_heap_expand$2region                 0x08000435   Thumb Code     2  heapauxi.o(.text)
    __user_setup_stackheap                   0x08000437   Thumb Code    74  sys_stackheap_outer.o(.text)
    exit                                     0x08000481   Thumb Code    18  exit.o(.text)
    __user_libspace                          0x08000495   Thumb Code     8  libspace.o(.text)
    __user_perproc_libspace                  0x08000495   Thumb Code     0  libspace.o(.text)
    __user_perthread_libspace                0x08000495   Thumb Code     0  libspace.o(.text)
    _sys_exit                                0x0800049d   Thumb Code     8  sys_exit.o(.text)
    __I$use$semihosting                      0x080004a9   Thumb Code     0  use_no_semi.o(.text)
    __use_no_semihosting_swi                 0x080004a9   Thumb Code     2  use_no_semi.o(.text)
    BusFault_Handler                         0x080004ab   Thumb Code     2  stm32f1xx_it.o(i.BusFault_Handler)
    __semihosting_library_function           0x080004ab   Thumb Code     0  indicate_semi.o(.text)
    ClockTimerCallBackFun                    0x080004ad   Thumb Code    70  showclock.o(i.ClockTimerCallBackFun)
    DHT11_Init                               0x080004f9   Thumb Code     6  driver_dht11.o(i.DHT11_Init)
    DHT11_Read                               0x08000531   Thumb Code   138  driver_dht11.o(i.DHT11_Read)
    DebugMon_Handler                         0x0800062b   Thumb Code     2  stm32f1xx_it.o(i.DebugMon_Handler)
    EXTI0_IRQHandler                         0x0800062d   Thumb Code     6  stm32f1xx_it.o(i.EXTI0_IRQHandler)
    EXTI15_10_IRQHandler                     0x08000633   Thumb Code    22  stm32f1xx_it.o(i.EXTI15_10_IRQHandler)
    EXTI1_IRQHandler                         0x08000649   Thumb Code     6  stm32f1xx_it.o(i.EXTI1_IRQHandler)
    Error_Handler                            0x0800064f   Thumb Code     4  main.o(i.Error_Handler)
    HAL_Delay                                0x08000655   Thumb Code    32  stm32f1xx_hal.o(i.HAL_Delay)
    HAL_GPIO_EXTI_Callback                   0x08000679   Thumb Code   164  freertos.o(i.HAL_GPIO_EXTI_Callback)
    HAL_GPIO_EXTI_IRQHandler                 0x0800072d   Thumb Code    18  stm32f1xx_hal_gpio.o(i.HAL_GPIO_EXTI_IRQHandler)
    HAL_GPIO_Init                            0x08000745   Thumb Code   446  stm32f1xx_hal_gpio.o(i.HAL_GPIO_Init)
    HAL_GPIO_ReadPin                         0x08000925   Thumb Code    10  stm32f1xx_hal_gpio.o(i.HAL_GPIO_ReadPin)
    HAL_GPIO_WritePin                        0x0800092f   Thumb Code    10  stm32f1xx_hal_gpio.o(i.HAL_GPIO_WritePin)
    HAL_GetTick                              0x08000939   Thumb Code     6  stm32f1xx_hal.o(i.HAL_GetTick)
    HAL_I2C_Init                             0x08000945   Thumb Code   376  stm32f1xx_hal_i2c.o(i.HAL_I2C_Init)
    HAL_I2C_Master_Transmit                  0x08000acd   Thumb Code   290  stm32f1xx_hal_i2c.o(i.HAL_I2C_Master_Transmit)
    HAL_I2C_MspInit                          0x08000bf9   Thumb Code    80  i2c.o(i.HAL_I2C_MspInit)
    HAL_IncTick                              0x08000c55   Thumb Code    12  stm32f1xx_hal.o(i.HAL_IncTick)
    HAL_Init                                 0x08000c65   Thumb Code    32  stm32f1xx_hal.o(i.HAL_Init)
    HAL_InitTick                             0x08000c89   Thumb Code   132  stm32f1xx_hal_timebase_tim.o(i.HAL_InitTick)
    HAL_MspInit                              0x08000d21   Thumb Code    62  stm32f1xx_hal_msp.o(i.HAL_MspInit)
    HAL_NVIC_DisableIRQ                      0x08000d69   Thumb Code    34  stm32f1xx_hal_cortex.o(i.HAL_NVIC_DisableIRQ)
    HAL_NVIC_EnableIRQ                       0x08000d8b   Thumb Code    26  stm32f1xx_hal_cortex.o(i.HAL_NVIC_EnableIRQ)
    HAL_NVIC_SetPriority                     0x08000da5   Thumb Code    60  stm32f1xx_hal_cortex.o(i.HAL_NVIC_SetPriority)
    HAL_NVIC_SetPriorityGrouping             0x08000de5   Thumb Code    26  stm32f1xx_hal_cortex.o(i.HAL_NVIC_SetPriorityGrouping)
    HAL_RCC_ClockConfig                      0x08000e09   Thumb Code   280  stm32f1xx_hal_rcc.o(i.HAL_RCC_ClockConfig)
    HAL_RCC_GetClockConfig                   0x08000f35   Thumb Code    54  stm32f1xx_hal_rcc.o(i.HAL_RCC_GetClockConfig)
    HAL_RCC_GetPCLK1Freq                     0x08000f75   Thumb Code    20  stm32f1xx_hal_rcc.o(i.HAL_RCC_GetPCLK1Freq)
    HAL_RCC_GetSysClockFreq                  0x08000f95   Thumb Code    58  stm32f1xx_hal_rcc.o(i.HAL_RCC_GetSysClockFreq)
    HAL_RCC_OscConfig                        0x08000fe1   Thumb Code   778  stm32f1xx_hal_rcc.o(i.HAL_RCC_OscConfig)
    HAL_TIMEx_BreakCallback                  0x08001301   Thumb Code     2  stm32f1xx_hal_tim_ex.o(i.HAL_TIMEx_BreakCallback)
    HAL_TIMEx_CommutCallback                 0x08001303   Thumb Code     2  stm32f1xx_hal_tim_ex.o(i.HAL_TIMEx_CommutCallback)
    HAL_TIMEx_MasterConfigSynchronization    0x08001305   Thumb Code    92  stm32f1xx_hal_tim_ex.o(i.HAL_TIMEx_MasterConfigSynchronization)
    HAL_TIM_Base_DeInit                      0x0800136d   Thumb Code    92  stm32f1xx_hal_tim.o(i.HAL_TIM_Base_DeInit)
    HAL_TIM_Base_Init                        0x080013c9   Thumb Code    90  stm32f1xx_hal_tim.o(i.HAL_TIM_Base_Init)
    HAL_TIM_Base_MspDeInit                   0x08001425   Thumb Code    26  tim.o(i.HAL_TIM_Base_MspDeInit)
    HAL_TIM_Base_MspInit                     0x08001449   Thumb Code    50  tim.o(i.HAL_TIM_Base_MspInit)
    HAL_TIM_Base_Start_IT                    0x08001485   Thumb Code    76  stm32f1xx_hal_tim.o(i.HAL_TIM_Base_Start_IT)
    HAL_TIM_ConfigClockSource                0x080014dd   Thumb Code   220  stm32f1xx_hal_tim.o(i.HAL_TIM_ConfigClockSource)
    HAL_TIM_IC_CaptureCallback               0x080015b9   Thumb Code     2  stm32f1xx_hal_tim.o(i.HAL_TIM_IC_CaptureCallback)
    HAL_TIM_IRQHandler                       0x080015bb   Thumb Code   358  stm32f1xx_hal_tim.o(i.HAL_TIM_IRQHandler)
    HAL_TIM_OC_DelayElapsedCallback          0x08001721   Thumb Code     2  stm32f1xx_hal_tim.o(i.HAL_TIM_OC_DelayElapsedCallback)
    HAL_TIM_PWM_ConfigChannel                0x08001723   Thumb Code   204  stm32f1xx_hal_tim.o(i.HAL_TIM_PWM_ConfigChannel)
    HAL_TIM_PWM_PulseFinishedCallback        0x080017ef   Thumb Code     2  stm32f1xx_hal_tim.o(i.HAL_TIM_PWM_PulseFinishedCallback)
    HAL_TIM_PWM_Start                        0x080017f1   Thumb Code   144  stm32f1xx_hal_tim.o(i.HAL_TIM_PWM_Start)
    HAL_TIM_PWM_Stop                         0x0800188d   Thumb Code   108  stm32f1xx_hal_tim.o(i.HAL_TIM_PWM_Stop)
    HAL_TIM_PeriodElapsedCallback            0x080018fd   Thumb Code    14  main.o(i.HAL_TIM_PeriodElapsedCallback)
    HAL_TIM_TriggerCallback                  0x08001911   Thumb Code     2  stm32f1xx_hal_tim.o(i.HAL_TIM_TriggerCallback)
    HardFault_Handler                        0x08001913   Thumb Code     2  stm32f1xx_it.o(i.HardFault_Handler)
    MX_FREERTOS_Init                         0x08001bdd   Thumb Code   204  freertos.o(i.MX_FREERTOS_Init)
    MX_GPIO_Init                             0x08001d69   Thumb Code   218  gpio.o(i.MX_GPIO_Init)
    MX_I2C1_Init                             0x08001e59   Thumb Code    50  i2c.o(i.MX_I2C1_Init)
    MX_TIM1_Init                             0x08001e99   Thumb Code   104  tim.o(i.MX_TIM1_Init)
    MemManage_Handler                        0x08001f09   Thumb Code     2  stm32f1xx_it.o(i.MemManage_Handler)
    NMI_Handler                              0x08001f0b   Thumb Code     2  stm32f1xx_it.o(i.NMI_Handler)
    PassiveBuzzer_Control                    0x08001f0d   Thumb Code    20  driver_passive_buzzer.o(i.PassiveBuzzer_Control)
    PassiveBuzzer_Init                       0x08001f25   Thumb Code    92  driver_passive_buzzer.o(i.PassiveBuzzer_Init)
    PassiveBuzzer_Set_Freq_Duty              0x08001f8d   Thumb Code   122  driver_passive_buzzer.o(i.PassiveBuzzer_Set_Freq_Duty)
    ShowAbout                                0x08002015   Thumb Code    76  showsetting.o(i.ShowAbout)
    ShowCalendarTask                         0x08002095   Thumb Code   464  showcalendar.o(i.ShowCalendarTask)
    ShowClock                                0x08002285   Thumb Code   334  showclock.o(i.ShowClock)
    ShowClockTimeTask                        0x080023f5   Thumb Code   388  showclock.o(i.ShowClockTimeTask)
    ShowDHT11Task                            0x080025a1   Thumb Code   368  showdht11.o(i.ShowDHT11Task)
    ShowFlashLightTask                       0x08002741   Thumb Code   224  showflashlight.o(i.ShowFlashLightTask)
    ShowMenuTask                             0x08002841   Thumb Code   814  showmenu.o(i.ShowMenuTask)
    ShowSetiing                              0x08002bad   Thumb Code   134  showsetting.o(i.ShowSetiing)
    ShowSetting_Task                         0x08002c45   Thumb Code   622  showsetting.o(i.ShowSetting_Task)
    ShowSwitch                               0x08002eed   Thumb Code   118  showsetting.o(i.ShowSwitch)
    ShowTimeTask                             0x08002f71   Thumb Code   510  showtimetask.o(i.ShowTimeTask)
    ShowUI                                   0x080031b1   Thumb Code   376  showmenu.o(i.ShowUI)
    StartDefaultTask                         0x08003351   Thumb Code    36  freertos.o(i.StartDefaultTask)
    SysTick_Handler                          0x08003379   Thumb Code    38  port.o(i.SysTick_Handler)
    SystemClock_Config                       0x080033a5   Thumb Code    94  main.o(i.SystemClock_Config)
    SystemInit                               0x08003403   Thumb Code     2  system_stm32f1xx.o(i.SystemInit)
    TIM1_BRK_IRQHandler                      0x0800340d   Thumb Code     6  stm32f1xx_it.o(i.TIM1_BRK_IRQHandler)
    TIM4_IRQHandler                          0x08003419   Thumb Code     6  stm32f1xx_it.o(i.TIM4_IRQHandler)
    TIM_Base_SetConfig                       0x08003425   Thumb Code    94  stm32f1xx_hal_tim.o(i.TIM_Base_SetConfig)
    TIM_CCxChannelCmd                        0x08003491   Thumb Code    26  stm32f1xx_hal_tim.o(i.TIM_CCxChannelCmd)
    TIM_ETR_SetConfig                        0x080034ab   Thumb Code    20  stm32f1xx_hal_tim.o(i.TIM_ETR_SetConfig)
    TIM_OC2_SetConfig                        0x08003521   Thumb Code    84  stm32f1xx_hal_tim.o(i.TIM_OC2_SetConfig)
    TimerCallBackFun                         0x0800365d   Thumb Code    82  showtimetask.o(i.TimerCallBackFun)
    UsageFault_Handler                       0x080036b5   Thumb Code     2  stm32f1xx_it.o(i.UsageFault_Handler)
    buzzer_buzz                              0x080036d9   Thumb Code    38  beep.o(i.buzzer_buzz)
    buzzer_init                              0x08003709   Thumb Code    28  beep.o(i.buzzer_init)
    judge_week                               0x08003739   Thumb Code    58  showcalendar.o(i.judge_week)
    judge_year                               0x08003773   Thumb Code    38  showcalendar.o(i.judge_year)
    main                                     0x08003799   Thumb Code    34  main.o(i.main)
    mdelay                                   0x080037bb   Thumb Code    26  driver_timer.o(i.mdelay)
    month_run                                0x080037d5   Thumb Code    34  showcalendar.o(i.month_run)
    osDelay                                  0x080037f9   Thumb Code    46  cmsis_os2.o(i.osDelay)
    osKernelInitialize                       0x0800382d   Thumb Code    50  cmsis_os2.o(i.osKernelInitialize)
    osKernelStart                            0x08003865   Thumb Code    58  cmsis_os2.o(i.osKernelStart)
    osThreadNew                              0x080038a5   Thumb Code   160  cmsis_os2.o(i.osThreadNew)
    pvPortMalloc                             0x08004105   Thumb Code   210  heap_4.o(i.pvPortMalloc)
    pxPortInitialiseStack                    0x080041dd   Thumb Code    32  port.o(i.pxPortInitialiseStack)
    u8g2_ClearBuffer                         0x08004201   Thumb Code    18  u8g2_buffer.o(i.u8g2_ClearBuffer)
    u8g2_ClearDisplay                        0x08004213   Thumb Code    30  u8g2_cleardisplay.o(i.u8g2_ClearDisplay)
    u8g2_DrawBox                             0x08004231   Thumb Code    68  u8g2_box.o(i.u8g2_DrawBox)
    u8g2_DrawCircle                          0x08004275   Thumb Code    64  u8g2_circle.o(i.u8g2_DrawCircle)
    u8g2_DrawDisc                            0x080042b5   Thumb Code    64  u8g2_circle.o(i.u8g2_DrawDisc)
    u8g2_DrawFrame                           0x080042f5   Thumb Code   136  u8g2_box.o(i.u8g2_DrawFrame)
    u8g2_DrawGlyph                           0x0800437d   Thumb Code   112  u8g2_font.o(i.u8g2_DrawGlyph)
    u8g2_DrawHLine                           0x080043ed   Thumb Code    12  u8g2_hvline.o(i.u8g2_DrawHLine)
    u8g2_DrawHVLine                          0x080043f9   Thumb Code   172  u8g2_hvline.o(i.u8g2_DrawHVLine)
    u8g2_DrawHXBMP                           0x080044a5   Thumb Code   148  u8g2_bitmap.o(i.u8g2_DrawHXBMP)
    u8g2_DrawLine                            0x08004539   Thumb Code   178  u8g2_line.o(i.u8g2_DrawLine)
    u8g2_DrawPixel                           0x080045eb   Thumb Code    46  u8g2_hvline.o(i.u8g2_DrawPixel)
    u8g2_DrawRBox                            0x08004619   Thumb Code   230  u8g2_box.o(i.u8g2_DrawRBox)
    u8g2_DrawStr                             0x08004701   Thumb Code    12  u8g2_font.o(i.u8g2_DrawStr)
    u8g2_DrawVLine                           0x08004711   Thumb Code    12  u8g2_hvline.o(i.u8g2_DrawVLine)
    u8g2_DrawXBMP                            0x0800471d   Thumb Code    76  u8g2_bitmap.o(i.u8g2_DrawXBMP)
    u8g2_FirstPage                           0x08004769   Thumb Code    28  u8g2_buffer.o(i.u8g2_FirstPage)
    u8g2_GetGlyphWidth                       0x08004785   Thumb Code    62  u8g2_font.o(i.u8g2_GetGlyphWidth)
    u8g2_GetStrWidth                         0x080047c5   Thumb Code     8  u8g2_font.o(i.u8g2_GetStrWidth)
    u8g2_IsIntersection                      0x080047d1   Thumb Code    48  u8g2_intersection.o(i.u8g2_IsIntersection)
    u8g2_NextPage                            0x08004801   Thumb Code    62  u8g2_buffer.o(i.u8g2_NextPage)
    u8g2_SendBuffer                          0x0800483f   Thumb Code    18  u8g2_buffer.o(i.u8g2_SendBuffer)
    u8g2_SetBufferCurrTileRow                0x08004851   Thumb Code    28  u8g2_buffer.o(i.u8g2_SetBufferCurrTileRow)
    u8g2_SetFont                             0x0800486d   Thumb Code    32  u8g2_font.o(i.u8g2_SetFont)
    u8g2_SetFontPosBaseline                  0x0800488d   Thumb Code     6  u8g2_font.o(i.u8g2_SetFontPosBaseline)
    u8g2_SetMaxClipWindow                    0x08004899   Thumb Code    28  u8g2_setup.o(i.u8g2_SetMaxClipWindow)
    u8g2_SetupBuffer                         0x080048b5   Thumb Code    70  u8g2_setup.o(i.u8g2_SetupBuffer)
    u8g2_Setup_ssd1306_i2c_128x64_noname_f   0x080048fd   Thumb Code    42  u8g2_d_setup.o(i.u8g2_Setup_ssd1306_i2c_128x64_noname_f)
    u8g2_UpdateRefHeight                     0x08004935   Thumb Code    82  u8g2_font.o(i.u8g2_UpdateRefHeight)
    u8g2_add_vector_x                        0x08004987   Thumb Code    28  u8g2_font.o(i.u8g2_add_vector_x)
    u8g2_add_vector_y                        0x080049a3   Thumb Code    28  u8g2_font.o(i.u8g2_add_vector_y)
    u8g2_config                              0x08004a69   Thumb Code    46  data.o(i.u8g2_config)
    u8g2_draw_hv_line_2dir                   0x08004d07   Thumb Code    18  u8g2_hvline.o(i.u8g2_draw_hv_line_2dir)
    u8g2_draw_l90_r0                         0x08004d19   Thumb Code    12  u8g2_setup.o(i.u8g2_draw_l90_r0)
    u8g2_font_calc_vref_font                 0x08004d9b   Thumb Code     4  u8g2_font.o(i.u8g2_font_calc_vref_font)
    u8g2_font_decode_get_signed_bits         0x08004d9f   Thumb Code    20  u8g2_font.o(i.u8g2_font_decode_get_signed_bits)
    u8g2_font_decode_get_unsigned_bits       0x08004db3   Thumb Code    52  u8g2_font.o(i.u8g2_font_decode_get_unsigned_bits)
    u8g2_font_decode_glyph                   0x08004de9   Thumb Code   276  u8g2_font.o(i.u8g2_font_decode_glyph)
    u8g2_font_decode_len                     0x08004efd   Thumb Code   140  u8g2_font.o(i.u8g2_font_decode_len)
    u8g2_font_get_glyph_data                 0x08004f89   Thumb Code   114  u8g2_font.o(i.u8g2_font_get_glyph_data)
    u8g2_is_intersection_decision_tree       0x08005043   Thumb Code    24  u8g2_intersection.o(i.u8g2_is_intersection_decision_tree)
    u8g2_ll_hvline_vertical_top_lsb          0x0800505d   Thumb Code   144  u8g2_ll_hvline.o(i.u8g2_ll_hvline_vertical_top_lsb)
    u8g2_m_16_8_f                            0x080050ed   Thumb Code     8  u8g2_d_memory.o(i.u8g2_m_16_8_f)
    u8g2_read_font_info                      0x080050f9   Thumb Code   106  u8g2_font.o(i.u8g2_read_font_info)
    u8g2_stm32_delay                         0x080051b1   Thumb Code    24  u8g2_d_setup.o(i.u8g2_stm32_delay)
    u8g2_update_dimension_r0                 0x08005283   Thumb Code     4  u8g2_setup.o(i.u8g2_update_dimension_r0)
    u8g2_update_page_win_r0                  0x08005287   Thumb Code    34  u8g2_setup.o(i.u8g2_update_page_win_r0)
    u8x8_DrawTile                            0x080052a9   Thumb Code    30  u8x8_display.o(i.u8x8_DrawTile)
    u8x8_InitDisplay                         0x080052c7   Thumb Code    16  u8x8_display.o(i.u8x8_InitDisplay)
    u8x8_RefreshDisplay                      0x080052d7   Thumb Code    16  u8x8_display.o(i.u8x8_RefreshDisplay)
    u8x8_SetPowerSave                        0x080052e7   Thumb Code    16  u8x8_display.o(i.u8x8_SetPowerSave)
    u8x8_Setup                               0x080052f7   Thumb Code    34  u8x8_setup.o(i.u8x8_Setup)
    u8x8_SetupDefaults                       0x08005319   Thumb Code    32  u8x8_setup.o(i.u8x8_SetupDefaults)
    u8x8_SetupMemory                         0x0800533d   Thumb Code    16  u8x8_display.o(i.u8x8_SetupMemory)
    u8x8_ascii_next                          0x0800534d   Thumb Code    14  u8x8_8x8.o(i.u8x8_ascii_next)
    u8x8_byte_EndTransfer                    0x0800535b   Thumb Code    16  u8x8_byte.o(i.u8x8_byte_EndTransfer)
    u8x8_byte_SendByte                       0x0800536b   Thumb Code    14  u8x8_byte.o(i.u8x8_byte_SendByte)
    u8x8_byte_StartTransfer                  0x08005379   Thumb Code    16  u8x8_byte.o(i.u8x8_byte_StartTransfer)
    u8x8_byte_hw_i2c                         0x08005389   Thumb Code    88  u8x8_byte.o(i.u8x8_byte_hw_i2c)
    u8x8_cad_EndTransfer                     0x080053ed   Thumb Code    16  u8x8_cad.o(i.u8x8_cad_EndTransfer)
    u8x8_cad_SendArg                         0x080053fd   Thumb Code    16  u8x8_cad.o(i.u8x8_cad_SendArg)
    u8x8_cad_SendCmd                         0x0800540d   Thumb Code    16  u8x8_cad.o(i.u8x8_cad_SendCmd)
    u8x8_cad_SendData                        0x0800541d   Thumb Code    16  u8x8_cad.o(i.u8x8_cad_SendData)
    u8x8_cad_SendSequence                    0x0800542d   Thumb Code   104  u8x8_cad.o(i.u8x8_cad_SendSequence)
    u8x8_cad_StartTransfer                   0x08005495   Thumb Code    16  u8x8_cad.o(i.u8x8_cad_StartTransfer)
    u8x8_cad_ssd13xx_fast_i2c                0x080054a5   Thumb Code   182  u8x8_cad.o(i.u8x8_cad_ssd13xx_fast_i2c)
    u8x8_d_helper_display_init               0x08005561   Thumb Code    96  u8x8_display.o(i.u8x8_d_helper_display_init)
    u8x8_d_helper_display_setup_memory       0x080055c1   Thumb Code    10  u8x8_display.o(i.u8x8_d_helper_display_setup_memory)
    u8x8_d_ssd1306_128x64_noname             0x080055cd   Thumb Code    52  u8x8_d_ssd1306_128x64_noname.o(i.u8x8_d_ssd1306_128x64_noname)
    u8x8_dummy_cb                            0x080056d1   Thumb Code     4  u8x8_setup.o(i.u8x8_dummy_cb)
    u8x8_gpio_call                           0x080056d5   Thumb Code    12  u8x8_gpio.o(i.u8x8_gpio_call)
    u8x8_utf8_init                           0x0800570d   Thumb Code     8  u8x8_8x8.o(i.u8x8_utf8_init)
    udelay                                   0x08005715   Thumb Code    52  driver_timer.o(i.udelay)
    ui_down                                  0x0800574d   Thumb Code     8  data.o(i.ui_down)
    ui_left                                  0x08005755   Thumb Code     8  data.o(i.ui_left)
    ui_right                                 0x0800575d   Thumb Code     8  data.o(i.ui_right)
    ui_run                                   0x08005765   Thumb Code    54  data.o(i.ui_run)
    ui_up                                    0x0800579b   Thumb Code     8  data.o(i.ui_up)
    uxListRemove                             0x080057a3   Thumb Code    38  list.o(i.uxListRemove)
    vApplicationGetIdleTaskMemory            0x080057c9   Thumb Code    16  cmsis_os2.o(i.vApplicationGetIdleTaskMemory)
    vApplicationGetTimerTaskMemory           0x080057dd   Thumb Code    18  cmsis_os2.o(i.vApplicationGetTimerTaskMemory)
    vListInitialise                          0x080057f5   Thumb Code    22  list.o(i.vListInitialise)
    vListInitialiseItem                      0x0800580b   Thumb Code     6  list.o(i.vListInitialiseItem)
    vListInsert                              0x08005811   Thumb Code    48  list.o(i.vListInsert)
    vListInsertEnd                           0x08005841   Thumb Code    24  list.o(i.vListInsertEnd)
    vPortEnterCritical                       0x08005859   Thumb Code    54  port.o(i.vPortEnterCritical)
    vPortExitCritical                        0x08005899   Thumb Code    34  port.o(i.vPortExitCritical)
    vPortFree                                0x080058c1   Thumb Code    88  heap_4.o(i.vPortFree)
    vPortSetupTimerInterrupt                 0x0800591d   Thumb Code    32  port.o(i.vPortSetupTimerInterrupt)
    vPortValidateInterruptPriority           0x08005941   Thumb Code    74  port.o(i.vPortValidateInterruptPriority)
    vQueueAddToRegistry                      0x08005995   Thumb Code    34  queue.o(i.vQueueAddToRegistry)
    vQueueWaitForMessageRestricted           0x080059bd   Thumb Code    68  queue.o(i.vQueueWaitForMessageRestricted)
    vTaskDelay                               0x08005a01   Thumb Code    66  tasks.o(i.vTaskDelay)
    vTaskInternalSetTimeOutState             0x08005a4d   Thumb Code    12  tasks.o(i.vTaskInternalSetTimeOutState)
    vTaskMissedYield                         0x08005a5d   Thumb Code     8  tasks.o(i.vTaskMissedYield)
    vTaskPlaceOnEventList                    0x08005a69   Thumb Code    44  tasks.o(i.vTaskPlaceOnEventList)
    vTaskPlaceOnEventListRestricted          0x08005a99   Thumb Code    52  tasks.o(i.vTaskPlaceOnEventListRestricted)
    vTaskResume                              0x08005ad1   Thumb Code   110  tasks.o(i.vTaskResume)
    vTaskStartScheduler                      0x08005b4d   Thumb Code   118  tasks.o(i.vTaskStartScheduler)
    vTaskSuspend                             0x08005bd5   Thumb Code   144  tasks.o(i.vTaskSuspend)
    vTaskSuspendAll                          0x08005c71   Thumb Code    10  tasks.o(i.vTaskSuspendAll)
    vTaskSwitchContext                       0x08005c81   Thumb Code    90  tasks.o(i.vTaskSwitchContext)
    xPortStartScheduler                      0x08005ce5   Thumb Code   154  port.o(i.xPortStartScheduler)
    xQueueGenericCreate                      0x08005d8d   Thumb Code    72  queue.o(i.xQueueGenericCreate)
    xQueueGenericCreateStatic                0x08005dd5   Thumb Code   102  queue.o(i.xQueueGenericCreateStatic)
    xQueueGenericReset                       0x08005e3d   Thumb Code   132  queue.o(i.xQueueGenericReset)
    xQueueGenericSend                        0x08005ec5   Thumb Code   346  queue.o(i.xQueueGenericSend)
    xQueueGenericSendFromISR                 0x08006025   Thumb Code   188  queue.o(i.xQueueGenericSendFromISR)
    xQueueReceive                            0x080060e1   Thumb Code   308  queue.o(i.xQueueReceive)
    xTaskCheckForTimeOut                     0x08006219   Thumb Code   112  tasks.o(i.xTaskCheckForTimeOut)
    xTaskCreate                              0x0800628d   Thumb Code    90  tasks.o(i.xTaskCreate)
    xTaskCreateStatic                        0x080062e7   Thumb Code    86  tasks.o(i.xTaskCreateStatic)
    xTaskGetSchedulerState                   0x0800633d   Thumb Code    22  tasks.o(i.xTaskGetSchedulerState)
    xTaskGetTickCount                        0x08006359   Thumb Code     6  tasks.o(i.xTaskGetTickCount)
    xTaskIncrementTick                       0x08006365   Thumb Code   190  tasks.o(i.xTaskIncrementTick)
    xTaskPriorityDisinherit                  0x0800642d   Thumb Code   118  tasks.o(i.xTaskPriorityDisinherit)
    xTaskRemoveFromEventList                 0x080064ad   Thumb Code    98  tasks.o(i.xTaskRemoveFromEventList)
    xTaskResumeAll                           0x0800651d   Thumb Code   182  tasks.o(i.xTaskResumeAll)
    xTimerCreate                             0x080065e1   Thumb Code    52  timers.o(i.xTimerCreate)
    xTimerCreateTimerTask                    0x08006615   Thumb Code    78  timers.o(i.xTimerCreateTimerTask)
    xTimerGenericCommand                     0x08006675   Thumb Code    98  timers.o(i.xTimerGenericCommand)
    AHBPrescTable                            0x080066ee   Data          16  system_stm32f1xx.o(.constdata)
    APBPrescTable                            0x080066fe   Data           8  system_stm32f1xx.o(.constdata)
    defaultTask_attributes                   0x08006708   Data          36  freertos.o(.constdata)
    u8g2_font_7x13_mf                        0x0800672c   Data        2956  u8g2_fonts.o(.constdata)
    u8g2_font_t0_11_tf                       0x080072b8   Data        1994  u8g2_fonts.o(.constdata)
    u8g2_font_spleen5x8_mf                   0x08007a82   Data        1586  u8g2_fonts.o(.constdata)
    u8g2_font_wqy16_t_chinese1               0x080080b4   Data       13882  u8g2_fonts.o(.constdata)
    u8g2_font_fur35_tf                       0x0800b6ee   Data       10388  u8g2_fonts.o(.constdata)
    u8g2_cb_r0                               0x0800df84   Data          12  u8g2_setup.o(.constdata)
    ShowPower                                0x0800e0e8   Data          30  data.o(.constdata)
    ShowGame                                 0x0800e106   Data          30  data.o(.constdata)
    LeftMove                                 0x0800e124   Data          30  data.o(.constdata)
    RightMove                                0x0800e142   Data          30  data.o(.constdata)
    BigNum                                   0x0800e160   Data        1200  data.o(.constdata)
    light                                    0x0800e610   Data         120  data.o(.constdata)
    Num_6x8                                  0x0800e688   Data          96  data.o(.constdata)
    str                                      0x0800e6e8   Data          50  showmenu.o(.constdata)
    strs                                     0x0800e7c8   Data          50  showsetting.o(.constdata)
    Region$$Table$$Base                      0x0800e820   Number         0  anon$$obj.o(Region$$Table)
    Region$$Table$$Limit                     0x0800e840   Number         0  anon$$obj.o(Region$$Table)
    uwTickFreq                               0x20000000   Data           1  stm32f1xx_hal.o(.data)
    uwTickPrio                               0x20000004   Data           4  stm32f1xx_hal.o(.data)
    uwTick                                   0x20000008   Data           4  stm32f1xx_hal.o(.data)
    SystemCoreClock                          0x2000000c   Data           4  system_stm32f1xx.o(.data)
    xShowTimeTaskHandle                      0x20000010   Data           4  freertos.o(.data)
    xShowMenuTaskHandle                      0x20000014   Data           4  freertos.o(.data)
    xShowCalendarTaskHandle                  0x20000018   Data           4  freertos.o(.data)
    xShowClockTaskHandle                     0x2000001c   Data           4  freertos.o(.data)
    xShowFlashLightTaskHandle                0x20000020   Data           4  freertos.o(.data)
    xShowSettingTaskHandle                   0x20000024   Data           4  freertos.o(.data)
    xShowDHT11TaskHandle                     0x20000028   Data           4  freertos.o(.data)
    g_Timer                                  0x2000002c   Data           4  freertos.o(.data)
    g_Clock_Timer                            0x20000030   Data           4  freertos.o(.data)
    g_xQueueMenu                             0x20000034   Data           4  freertos.o(.data)
    defaultTaskHandle                        0x20000038   Data           4  freertos.o(.data)
    pxCurrentTCB                             0x2000003c   Data           4  tasks.o(.data)
    time_flag                                0x200000c8   Data           1  showtimetask.o(.data)
    sec_unit                                 0x200000c9   Data           1  showtimetask.o(.data)
    sec_decade                               0x200000ca   Data           1  showtimetask.o(.data)
    min_unit                                 0x200000cb   Data           1  showtimetask.o(.data)
    min_decade                               0x200000cc   Data           1  showtimetask.o(.data)
    hour_unit                                0x200000cd   Data           1  showtimetask.o(.data)
    hour_decade                              0x200000ce   Data           1  showtimetask.o(.data)
    time                                     0x200000d0   Data          32  showtimetask.o(.data)
    Box1                                     0x200000f0   Data          16  showtimetask.o(.data)
    Box2                                     0x20000100   Data          16  showtimetask.o(.data)
    cleder                                   0x20000110   Data         168  data.o(.data)
    torch                                    0x200001b8   Data         168  data.o(.data)
    hum                                      0x20000260   Data         168  data.o(.data)
    clock                                    0x20000308   Data         168  data.o(.data)
    setting                                  0x200003b0   Data         168  data.o(.data)
    dock_pos                                 0x20000458   Data           1  showmenu.o(.data)
    dock_status                              0x20000459   Data           1  showmenu.o(.data)
    dock_y                                   0x2000045a   Data           1  showmenu.o(.data)
    dock_r                                   0x2000045b   Data           1  showmenu.o(.data)
    str_flag                                 0x2000045c   Data           4  showmenu.o(.data)
    queue_flag                               0x20000460   Data           4  showmenu.o(.data)
    end_flag                                 0x20000464   Data           4  showmenu.o(.data)
    dock                                     0x20000468   Data           5  showmenu.o(.data)
    Left                                     0x20000470   Data          16  showmenu.o(.data)
    Right                                    0x20000480   Data          16  showmenu.o(.data)
    String                                   0x20000490   Data          16  showmenu.o(.data)
    Rec_select                               0x200004a0   Data          16  showmenu.o(.data)
    select_end                               0x200004b0   Data           4  showmenu.o(.data)
    clock_flag                               0x200004b4   Data           1  showclock.o(.data)
    seclect_flag                             0x200004b5   Data           1  showclock.o(.data)
    len1                                     0x200004b6   Data           1  showclock.o(.data)
    len2                                     0x200004b7   Data           1  showclock.o(.data)
    num_w                                    0x200004b8   Data           2  showclock.o(.data)
    num_h                                    0x200004ba   Data           2  showclock.o(.data)
    millisecond                              0x200004bc   Data           2  showclock.o(.data)
    g_num_y                                  0x200004be   Data           4  showclock.o(.data)
    g_clock_num                              0x200004c2   Data           8  showclock.o(.data)
    g_real_time                              0x200004ca   Data           8  showclock.o(.data)
    g_num_x                                  0x200004d2   Data          12  showclock.o(.data)
    g_seclect_x                              0x200004de   Data          10  showclock.o(.data)
    str_x_pos                                0x200004e8   Data           4  showsetting.o(.data)
    about_x_pos                              0x200004ec   Data           4  showsetting.o(.data)
    seclect                                  0x200004f0   Data           4  showsetting.o(.data)
    seclect_h                                0x200004f4   Data           4  showsetting.o(.data)
    power_button                             0x200004f8   Data           4  showsetting.o(.data)
    str_y_pos                                0x200004fc   Data          20  showsetting.o(.data)
    about_y_pos                              0x20000510   Data          16  showsetting.o(.data)
    seclect_y                                0x20000520   Data          24  showsetting.o(.data)
    seclect_w                                0x20000538   Data          24  showsetting.o(.data)
    hi2c1                                    0x20000550   Data          84  i2c.o(.bss)
    htim1                                    0x200005a4   Data          72  tim.o(.bss)
    htim4                                    0x200005ec   Data          72  stm32f1xx_hal_timebase_tim.o(.bss)
    xQueueRegistry                           0x20000634   Data          64  queue.o(.bss)
    u8g2                                     0x20003728   Data         148  data.o(.bss)
    width                                    0x200037bc   Data          20  showsetting.o(.bss)
    __libspace_start                         0x200037d0   Data          96  libspace.o(.bss)
    __temporary_stack_top$libspace           0x20003830   Data           0  libspace.o(.bss)



==============================================================================

Memory Map of the image

  Image Entry point : 0x080000ed

  Load Region LR_IROM1 (Base: 0x08000000, Size: 0x0000ed90, Max: 0x00010000, ABSOLUTE, COMPRESSED[0x0000eac8])

    Execution Region ER_IROM1 (Exec base: 0x08000000, Load base: 0x08000000, Size: 0x0000e840, Max: 0x00010000, ABSOLUTE)

    Exec Addr    Load Addr    Size         Type   Attr      Idx    E Section Name        Object

    0x08000000   0x08000000   0x000000ec   Data   RO            3    RESET               startup_stm32f103xb.o
    0x080000ec   0x080000ec   0x00000008   Code   RO         9770  * !!!main             c_w.l(__main.o)
    0x080000f4   0x080000f4   0x00000034   Code   RO         9939    !!!scatter          c_w.l(__scatter.o)
    0x08000128   0x08000128   0x0000005a   Code   RO         9937    !!dczerorl2         c_w.l(__dczerorl2.o)
    0x08000182   0x08000182   0x00000002   PAD
    0x08000184   0x08000184   0x0000001c   Code   RO         9941    !!handler_zi        c_w.l(__scatter_zi.o)
    0x080001a0   0x080001a0   0x00000002   Code   RO         9807    .ARM.Collect$$libinit$$00000000  c_w.l(libinit.o)
    0x080001a2   0x080001a2   0x00000000   Code   RO         9820    .ARM.Collect$$libinit$$00000002  c_w.l(libinit2.o)
    0x080001a2   0x080001a2   0x00000000   Code   RO         9822    .ARM.Collect$$libinit$$00000004  c_w.l(libinit2.o)
    0x080001a2   0x080001a2   0x00000000   Code   RO         9825    .ARM.Collect$$libinit$$0000000A  c_w.l(libinit2.o)
    0x080001a2   0x080001a2   0x00000000   Code   RO         9827    .ARM.Collect$$libinit$$0000000C  c_w.l(libinit2.o)
    0x080001a2   0x080001a2   0x00000000   Code   RO         9829    .ARM.Collect$$libinit$$0000000E  c_w.l(libinit2.o)
    0x080001a2   0x080001a2   0x00000000   Code   RO         9832    .ARM.Collect$$libinit$$00000011  c_w.l(libinit2.o)
    0x080001a2   0x080001a2   0x00000000   Code   RO         9834    .ARM.Collect$$libinit$$00000013  c_w.l(libinit2.o)
    0x080001a2   0x080001a2   0x00000000   Code   RO         9836    .ARM.Collect$$libinit$$00000015  c_w.l(libinit2.o)
    0x080001a2   0x080001a2   0x00000000   Code   RO         9838    .ARM.Collect$$libinit$$00000017  c_w.l(libinit2.o)
    0x080001a2   0x080001a2   0x00000000   Code   RO         9840    .ARM.Collect$$libinit$$00000019  c_w.l(libinit2.o)
    0x080001a2   0x080001a2   0x00000000   Code   RO         9842    .ARM.Collect$$libinit$$0000001B  c_w.l(libinit2.o)
    0x080001a2   0x080001a2   0x00000000   Code   RO         9844    .ARM.Collect$$libinit$$0000001D  c_w.l(libinit2.o)
    0x080001a2   0x080001a2   0x00000000   Code   RO         9846    .ARM.Collect$$libinit$$0000001F  c_w.l(libinit2.o)
    0x080001a2   0x080001a2   0x00000000   Code   RO         9848    .ARM.Collect$$libinit$$00000021  c_w.l(libinit2.o)
    0x080001a2   0x080001a2   0x00000000   Code   RO         9850    .ARM.Collect$$libinit$$00000023  c_w.l(libinit2.o)
    0x080001a2   0x080001a2   0x00000000   Code   RO         9852    .ARM.Collect$$libinit$$00000025  c_w.l(libinit2.o)
    0x080001a2   0x080001a2   0x00000000   Code   RO         9856    .ARM.Collect$$libinit$$0000002C  c_w.l(libinit2.o)
    0x080001a2   0x080001a2   0x00000000   Code   RO         9858    .ARM.Collect$$libinit$$0000002E  c_w.l(libinit2.o)
    0x080001a2   0x080001a2   0x00000000   Code   RO         9860    .ARM.Collect$$libinit$$00000030  c_w.l(libinit2.o)
    0x080001a2   0x080001a2   0x00000000   Code   RO         9862    .ARM.Collect$$libinit$$00000032  c_w.l(libinit2.o)
    0x080001a2   0x080001a2   0x00000002   Code   RO         9863    .ARM.Collect$$libinit$$00000033  c_w.l(libinit2.o)
    0x080001a4   0x080001a4   0x00000002   Code   RO         9894    .ARM.Collect$$libshutdown$$00000000  c_w.l(libshutdown.o)
    0x080001a6   0x080001a6   0x00000000   Code   RO         9920    .ARM.Collect$$libshutdown$$00000002  c_w.l(libshutdown2.o)
    0x080001a6   0x080001a6   0x00000000   Code   RO         9922    .ARM.Collect$$libshutdown$$00000004  c_w.l(libshutdown2.o)
    0x080001a6   0x080001a6   0x00000000   Code   RO         9925    .ARM.Collect$$libshutdown$$00000007  c_w.l(libshutdown2.o)
    0x080001a6   0x080001a6   0x00000000   Code   RO         9928    .ARM.Collect$$libshutdown$$0000000A  c_w.l(libshutdown2.o)
    0x080001a6   0x080001a6   0x00000000   Code   RO         9930    .ARM.Collect$$libshutdown$$0000000C  c_w.l(libshutdown2.o)
    0x080001a6   0x080001a6   0x00000000   Code   RO         9933    .ARM.Collect$$libshutdown$$0000000F  c_w.l(libshutdown2.o)
    0x080001a6   0x080001a6   0x00000002   Code   RO         9934    .ARM.Collect$$libshutdown$$00000010  c_w.l(libshutdown2.o)
    0x080001a8   0x080001a8   0x00000000   Code   RO         9772    .ARM.Collect$$rtentry$$00000000  c_w.l(__rtentry.o)
    0x080001a8   0x080001a8   0x00000000   Code   RO         9778    .ARM.Collect$$rtentry$$00000002  c_w.l(__rtentry2.o)
    0x080001a8   0x080001a8   0x00000006   Code   RO         9790    .ARM.Collect$$rtentry$$00000004  c_w.l(__rtentry4.o)
    0x080001ae   0x080001ae   0x00000000   Code   RO         9780    .ARM.Collect$$rtentry$$00000009  c_w.l(__rtentry2.o)
    0x080001ae   0x080001ae   0x00000004   Code   RO         9781    .ARM.Collect$$rtentry$$0000000A  c_w.l(__rtentry2.o)
    0x080001b2   0x080001b2   0x00000000   Code   RO         9783    .ARM.Collect$$rtentry$$0000000C  c_w.l(__rtentry2.o)
    0x080001b2   0x080001b2   0x00000008   Code   RO         9784    .ARM.Collect$$rtentry$$0000000D  c_w.l(__rtentry2.o)
    0x080001ba   0x080001ba   0x00000002   Code   RO         9811    .ARM.Collect$$rtexit$$00000000  c_w.l(rtexit.o)
    0x080001bc   0x080001bc   0x00000000   Code   RO         9867    .ARM.Collect$$rtexit$$00000002  c_w.l(rtexit2.o)
    0x080001bc   0x080001bc   0x00000004   Code   RO         9868    .ARM.Collect$$rtexit$$00000003  c_w.l(rtexit2.o)
    0x080001c0   0x080001c0   0x00000006   Code   RO         9869    .ARM.Collect$$rtexit$$00000004  c_w.l(rtexit2.o)
    0x080001c6   0x080001c6   0x00000002   PAD
    0x080001c8   0x080001c8   0x00000096   Code   RO         4533    .emb_text           port.o
    0x0800025e   0x0800025e   0x00000002   PAD
    0x08000260   0x08000260   0x00000040   Code   RO            4    .text               startup_stm32f103xb.o
    0x080002a0   0x080002a0   0x0000008a   Code   RO         9756    .text               c_w.l(rt_memcpy_v6.o)
    0x0800032a   0x0800032a   0x00000064   Code   RO         9758    .text               c_w.l(rt_memcpy_w.o)
    0x0800038e   0x0800038e   0x00000010   Code   RO         9762    .text               c_w.l(aeabi_memset.o)
    0x0800039e   0x0800039e   0x00000044   Code   RO         9764    .text               c_w.l(rt_memclr.o)
    0x080003e2   0x080003e2   0x0000004e   Code   RO         9766    .text               c_w.l(rt_memclr_w.o)
    0x08000430   0x08000430   0x00000006   Code   RO         9768    .text               c_w.l(heapauxi.o)
    0x08000436   0x08000436   0x0000004a   Code   RO         9794    .text               c_w.l(sys_stackheap_outer.o)
    0x08000480   0x08000480   0x00000012   Code   RO         9796    .text               c_w.l(exit.o)
    0x08000492   0x08000492   0x00000002   PAD
    0x08000494   0x08000494   0x00000008   Code   RO         9808    .text               c_w.l(libspace.o)
    0x0800049c   0x0800049c   0x0000000c   Code   RO         9864    .text               c_w.l(sys_exit.o)
    0x080004a8   0x080004a8   0x00000002   Code   RO         9883    .text               c_w.l(use_no_semi.o)
    0x080004aa   0x080004aa   0x00000000   Code   RO         9885    .text               c_w.l(indicate_semi.o)
    0x080004aa   0x080004aa   0x00000002   Code   RO         2849    i.BusFault_Handler  stm32f1xx_it.o
    0x080004ac   0x080004ac   0x0000004c   Code   RO         9582    i.ClockTimerCallBackFun  showclock.o
    0x080004f8   0x080004f8   0x00000006   Code   RO         9189    i.DHT11_Init        driver_dht11.o
    0x080004fe   0x080004fe   0x00000002   PAD
    0x08000500   0x08000500   0x00000018   Code   RO         9190    i.DHT11_PinRead     driver_dht11.o
    0x08000518   0x08000518   0x00000018   Code   RO         9191    i.DHT11_PinSet      driver_dht11.o
    0x08000530   0x08000530   0x00000090   Code   RO         9192    i.DHT11_Read        driver_dht11.o
    0x080005c0   0x080005c0   0x00000046   Code   RO         9193    i.DHT11_ReadByte    driver_dht11.o
    0x08000606   0x08000606   0x00000024   Code   RO         9195    i.DHT11_WaitFor_Val  driver_dht11.o
    0x0800062a   0x0800062a   0x00000002   Code   RO         2850    i.DebugMon_Handler  stm32f1xx_it.o
    0x0800062c   0x0800062c   0x00000006   Code   RO         2851    i.EXTI0_IRQHandler  stm32f1xx_it.o
    0x08000632   0x08000632   0x00000016   Code   RO         2852    i.EXTI15_10_IRQHandler  stm32f1xx_it.o
    0x08000648   0x08000648   0x00000006   Code   RO         2853    i.EXTI1_IRQHandler  stm32f1xx_it.o
    0x0800064e   0x0800064e   0x00000004   Code   RO         2559    i.Error_Handler     main.o
    0x08000652   0x08000652   0x00000002   PAD
    0x08000654   0x08000654   0x00000024   Code   RO          141    i.HAL_Delay         stm32f1xx_hal.o
    0x08000678   0x08000678   0x000000b4   Code   RO         2666    i.HAL_GPIO_EXTI_Callback  freertos.o
    0x0800072c   0x0800072c   0x00000018   Code   RO          450    i.HAL_GPIO_EXTI_IRQHandler  stm32f1xx_hal_gpio.o
    0x08000744   0x08000744   0x000001e0   Code   RO          451    i.HAL_GPIO_Init     stm32f1xx_hal_gpio.o
    0x08000924   0x08000924   0x0000000a   Code   RO          453    i.HAL_GPIO_ReadPin  stm32f1xx_hal_gpio.o
    0x0800092e   0x0800092e   0x0000000a   Code   RO          455    i.HAL_GPIO_WritePin  stm32f1xx_hal_gpio.o
    0x08000938   0x08000938   0x0000000c   Code   RO          145    i.HAL_GetTick       stm32f1xx_hal.o
    0x08000944   0x08000944   0x00000188   Code   RO         1122    i.HAL_I2C_Init      stm32f1xx_hal_i2c.o
    0x08000acc   0x08000acc   0x0000012c   Code   RO         1135    i.HAL_I2C_Master_Transmit  stm32f1xx_hal_i2c.o
    0x08000bf8   0x08000bf8   0x0000005c   Code   RO         2766    i.HAL_I2C_MspInit   i2c.o
    0x08000c54   0x08000c54   0x00000010   Code   RO          151    i.HAL_IncTick       stm32f1xx_hal.o
    0x08000c64   0x08000c64   0x00000024   Code   RO          152    i.HAL_Init          stm32f1xx_hal.o
    0x08000c88   0x08000c88   0x00000098   Code   RO         2961    i.HAL_InitTick      stm32f1xx_hal_timebase_tim.o
    0x08000d20   0x08000d20   0x00000048   Code   RO         2937    i.HAL_MspInit       stm32f1xx_hal_msp.o
    0x08000d68   0x08000d68   0x00000022   Code   RO          610    i.HAL_NVIC_DisableIRQ  stm32f1xx_hal_cortex.o
    0x08000d8a   0x08000d8a   0x0000001a   Code   RO          611    i.HAL_NVIC_EnableIRQ  stm32f1xx_hal_cortex.o
    0x08000da4   0x08000da4   0x00000040   Code   RO          617    i.HAL_NVIC_SetPriority  stm32f1xx_hal_cortex.o
    0x08000de4   0x08000de4   0x00000024   Code   RO          618    i.HAL_NVIC_SetPriorityGrouping  stm32f1xx_hal_cortex.o
    0x08000e08   0x08000e08   0x0000012c   Code   RO          309    i.HAL_RCC_ClockConfig  stm32f1xx_hal_rcc.o
    0x08000f34   0x08000f34   0x00000040   Code   RO          313    i.HAL_RCC_GetClockConfig  stm32f1xx_hal_rcc.o
    0x08000f74   0x08000f74   0x00000020   Code   RO          316    i.HAL_RCC_GetPCLK1Freq  stm32f1xx_hal_rcc.o
    0x08000f94   0x08000f94   0x0000004c   Code   RO          318    i.HAL_RCC_GetSysClockFreq  stm32f1xx_hal_rcc.o
    0x08000fe0   0x08000fe0   0x00000320   Code   RO          321    i.HAL_RCC_OscConfig  stm32f1xx_hal_rcc.o
    0x08001300   0x08001300   0x00000002   Code   RO         2254    i.HAL_TIMEx_BreakCallback  stm32f1xx_hal_tim_ex.o
    0x08001302   0x08001302   0x00000002   Code   RO         2255    i.HAL_TIMEx_CommutCallback  stm32f1xx_hal_tim_ex.o
    0x08001304   0x08001304   0x00000068   Code   RO         2273    i.HAL_TIMEx_MasterConfigSynchronization  stm32f1xx_hal_tim_ex.o
    0x0800136c   0x0800136c   0x0000005c   Code   RO         1548    i.HAL_TIM_Base_DeInit  stm32f1xx_hal_tim.o
    0x080013c8   0x080013c8   0x0000005a   Code   RO         1550    i.HAL_TIM_Base_Init  stm32f1xx_hal_tim.o
    0x08001422   0x08001422   0x00000002   PAD
    0x08001424   0x08001424   0x00000024   Code   RO         2807    i.HAL_TIM_Base_MspDeInit  tim.o
    0x08001448   0x08001448   0x0000003c   Code   RO         2808    i.HAL_TIM_Base_MspInit  tim.o
    0x08001484   0x08001484   0x00000058   Code   RO         1555    i.HAL_TIM_Base_Start_IT  stm32f1xx_hal_tim.o
    0x080014dc   0x080014dc   0x000000dc   Code   RO         1559    i.HAL_TIM_ConfigClockSource  stm32f1xx_hal_tim.o
    0x080015b8   0x080015b8   0x00000002   Code   RO         1584    i.HAL_TIM_IC_CaptureCallback  stm32f1xx_hal_tim.o
    0x080015ba   0x080015ba   0x00000166   Code   RO         1598    i.HAL_TIM_IRQHandler  stm32f1xx_hal_tim.o
    0x08001720   0x08001720   0x00000002   Code   RO         1601    i.HAL_TIM_OC_DelayElapsedCallback  stm32f1xx_hal_tim.o
    0x08001722   0x08001722   0x000000cc   Code   RO         1622    i.HAL_TIM_PWM_ConfigChannel  stm32f1xx_hal_tim.o
    0x080017ee   0x080017ee   0x00000002   Code   RO         1628    i.HAL_TIM_PWM_PulseFinishedCallback  stm32f1xx_hal_tim.o
    0x080017f0   0x080017f0   0x0000009c   Code   RO         1630    i.HAL_TIM_PWM_Start  stm32f1xx_hal_tim.o
    0x0800188c   0x0800188c   0x00000070   Code   RO         1633    i.HAL_TIM_PWM_Stop  stm32f1xx_hal_tim.o
    0x080018fc   0x080018fc   0x00000014   Code   RO         2560    i.HAL_TIM_PeriodElapsedCallback  main.o
    0x08001910   0x08001910   0x00000002   Code   RO         1641    i.HAL_TIM_TriggerCallback  stm32f1xx_hal_tim.o
    0x08001912   0x08001912   0x00000002   Code   RO         2854    i.HardFault_Handler  stm32f1xx_it.o
    0x08001914   0x08001914   0x0000002e   Code   RO         1165    i.I2C_IsAcknowledgeFailed  stm32f1xx_hal_i2c.o
    0x08001942   0x08001942   0x00000002   PAD
    0x08001944   0x08001944   0x0000009c   Code   RO         1169    i.I2C_MasterRequestWrite  stm32f1xx_hal_i2c.o
    0x080019e0   0x080019e0   0x00000056   Code   RO         1180    i.I2C_WaitOnBTFFlagUntilTimeout  stm32f1xx_hal_i2c.o
    0x08001a36   0x08001a36   0x00000002   PAD
    0x08001a38   0x08001a38   0x00000090   Code   RO         1181    i.I2C_WaitOnFlagUntilTimeout  stm32f1xx_hal_i2c.o
    0x08001ac8   0x08001ac8   0x000000bc   Code   RO         1182    i.I2C_WaitOnMasterAddressFlagUntilTimeout  stm32f1xx_hal_i2c.o
    0x08001b84   0x08001b84   0x00000056   Code   RO         1184    i.I2C_WaitOnTXEFlagUntilTimeout  stm32f1xx_hal_i2c.o
    0x08001bda   0x08001bda   0x00000002   PAD
    0x08001bdc   0x08001bdc   0x0000018c   Code   RO         2667    i.MX_FREERTOS_Init  freertos.o
    0x08001d68   0x08001d68   0x000000f0   Code   RO         2642    i.MX_GPIO_Init      gpio.o
    0x08001e58   0x08001e58   0x00000040   Code   RO         2767    i.MX_I2C1_Init      i2c.o
    0x08001e98   0x08001e98   0x00000070   Code   RO         2809    i.MX_TIM1_Init      tim.o
    0x08001f08   0x08001f08   0x00000002   Code   RO         2855    i.MemManage_Handler  stm32f1xx_it.o
    0x08001f0a   0x08001f0a   0x00000002   Code   RO         2856    i.NMI_Handler       stm32f1xx_it.o
    0x08001f0c   0x08001f0c   0x00000018   Code   RO         9251    i.PassiveBuzzer_Control  driver_passive_buzzer.o
    0x08001f24   0x08001f24   0x00000068   Code   RO         9252    i.PassiveBuzzer_Init  driver_passive_buzzer.o
    0x08001f8c   0x08001f8c   0x00000088   Code   RO         9253    i.PassiveBuzzer_Set_Freq_Duty  driver_passive_buzzer.o
    0x08002014   0x08002014   0x00000080   Code   RO         9651    i.ShowAbout         showsetting.o
    0x08002094   0x08002094   0x000001f0   Code   RO         9526    i.ShowCalendarTask  showcalendar.o
    0x08002284   0x08002284   0x00000170   Code   RO         9583    i.ShowClock         showclock.o
    0x080023f4   0x080023f4   0x000001ac   Code   RO         9584    i.ShowClockTimeTask  showclock.o
    0x080025a0   0x080025a0   0x000001a0   Code   RO         9727    i.ShowDHT11Task     showdht11.o
    0x08002740   0x08002740   0x00000100   Code   RO         9626    i.ShowFlashLightTask  showflashlight.o
    0x08002840   0x08002840   0x0000036c   Code   RO         9478    i.ShowMenuTask      showmenu.o
    0x08002bac   0x08002bac   0x00000098   Code   RO         9652    i.ShowSetiing       showsetting.o
    0x08002c44   0x08002c44   0x000002a8   Code   RO         9653    i.ShowSetting_Task  showsetting.o
    0x08002eec   0x08002eec   0x00000084   Code   RO         9654    i.ShowSwitch        showsetting.o
    0x08002f70   0x08002f70   0x00000240   Code   RO         9365    i.ShowTimeTask      showtimetask.o
    0x080031b0   0x080031b0   0x000001a0   Code   RO         9479    i.ShowUI            showmenu.o
    0x08003350   0x08003350   0x00000028   Code   RO         2668    i.StartDefaultTask  freertos.o
    0x08003378   0x08003378   0x0000002c   Code   RO         4534    i.SysTick_Handler   port.o
    0x080033a4   0x080033a4   0x0000005e   Code   RO         2561    i.SystemClock_Config  main.o
    0x08003402   0x08003402   0x00000002   Code   RO         2522    i.SystemInit        system_stm32f1xx.o
    0x08003404   0x08003404   0x00000006   Code   RO         9332    i.SystemSoundTimer_Func  beep.o
    0x0800340a   0x0800340a   0x00000002   PAD
    0x0800340c   0x0800340c   0x0000000c   Code   RO         2857    i.TIM1_BRK_IRQHandler  stm32f1xx_it.o
    0x08003418   0x08003418   0x0000000c   Code   RO         2858    i.TIM4_IRQHandler   stm32f1xx_it.o
    0x08003424   0x08003424   0x0000006c   Code   RO         1643    i.TIM_Base_SetConfig  stm32f1xx_hal_tim.o
    0x08003490   0x08003490   0x0000001a   Code   RO         1644    i.TIM_CCxChannelCmd  stm32f1xx_hal_tim.o
    0x080034aa   0x080034aa   0x00000014   Code   RO         1654    i.TIM_ETR_SetConfig  stm32f1xx_hal_tim.o
    0x080034be   0x080034be   0x00000010   Code   RO         1655    i.TIM_ITRx_SetConfig  stm32f1xx_hal_tim.o
    0x080034ce   0x080034ce   0x00000002   PAD
    0x080034d0   0x080034d0   0x00000050   Code   RO         1656    i.TIM_OC1_SetConfig  stm32f1xx_hal_tim.o
    0x08003520   0x08003520   0x00000058   Code   RO         1657    i.TIM_OC2_SetConfig  stm32f1xx_hal_tim.o
    0x08003578   0x08003578   0x00000058   Code   RO         1658    i.TIM_OC3_SetConfig  stm32f1xx_hal_tim.o
    0x080035d0   0x080035d0   0x00000044   Code   RO         1659    i.TIM_OC4_SetConfig  stm32f1xx_hal_tim.o
    0x08003614   0x08003614   0x00000022   Code   RO         1661    i.TIM_TI1_ConfigInputStage  stm32f1xx_hal_tim.o
    0x08003636   0x08003636   0x00000024   Code   RO         1663    i.TIM_TI2_ConfigInputStage  stm32f1xx_hal_tim.o
    0x0800365a   0x0800365a   0x00000002   PAD
    0x0800365c   0x0800365c   0x00000058   Code   RO         9366    i.TimerCallBackFun  showtimetask.o
    0x080036b4   0x080036b4   0x00000002   Code   RO         2859    i.UsageFault_Handler  stm32f1xx_it.o
    0x080036b6   0x080036b6   0x00000020   Code   RO          624    i.__NVIC_SetPriority  stm32f1xx_hal_cortex.o
    0x080036d6   0x080036d6   0x00000002   PAD
    0x080036d8   0x080036d8   0x00000030   Code   RO         9333    i.buzzer_buzz       beep.o
    0x08003708   0x08003708   0x00000030   Code   RO         9334    i.buzzer_init       beep.o
    0x08003738   0x08003738   0x0000003a   Code   RO         9527    i.judge_week        showcalendar.o
    0x08003772   0x08003772   0x00000026   Code   RO         9528    i.judge_year        showcalendar.o
    0x08003798   0x08003798   0x00000022   Code   RO         2562    i.main              main.o
    0x080037ba   0x080037ba   0x0000001a   Code   RO         9298    i.mdelay            driver_timer.o
    0x080037d4   0x080037d4   0x00000022   Code   RO         9530    i.month_run         showcalendar.o
    0x080037f6   0x080037f6   0x00000002   PAD
    0x080037f8   0x080037f8   0x00000034   Code   RO         4063    i.osDelay           cmsis_os2.o
    0x0800382c   0x0800382c   0x00000038   Code   RO         4077    i.osKernelInitialize  cmsis_os2.o
    0x08003864   0x08003864   0x00000040   Code   RO         4080    i.osKernelStart     cmsis_os2.o
    0x080038a4   0x080038a4   0x000000a4   Code   RO         4114    i.osThreadNew       cmsis_os2.o
    0x08003948   0x08003948   0x0000005c   Code   RO         3559    i.prvAddCurrentTaskToDelayedList  tasks.o
    0x080039a4   0x080039a4   0x000000d0   Code   RO         3560    i.prvAddNewTaskToReadyList  tasks.o
    0x08003a74   0x08003a74   0x00000058   Code   RO         3909    i.prvCheckForValidListAndQueue  timers.o
    0x08003acc   0x08003acc   0x00000026   Code   RO         3165    i.prvCopyDataFromQueue  queue.o
    0x08003af2   0x08003af2   0x0000006c   Code   RO         3166    i.prvCopyDataToQueue  queue.o
    0x08003b5e   0x08003b5e   0x00000034   Code   RO         3561    i.prvDeleteTCB      tasks.o
    0x08003b92   0x08003b92   0x00000002   PAD
    0x08003b94   0x08003b94   0x0000004c   Code   RO         4484    i.prvHeapInit       heap_4.o
    0x08003be0   0x08003be0   0x00000060   Code   RO         3562    i.prvIdleTask       tasks.o
    0x08003c40   0x08003c40   0x00000022   Code   RO         3168    i.prvInitialiseNewQueue  queue.o
    0x08003c62   0x08003c62   0x0000009c   Code   RO         3563    i.prvInitialiseNewTask  tasks.o
    0x08003cfe   0x08003cfe   0x00000044   Code   RO         3910    i.prvInitialiseNewTimer  timers.o
    0x08003d42   0x08003d42   0x00000002   PAD
    0x08003d44   0x08003d44   0x0000004c   Code   RO         4485    i.prvInsertBlockIntoFreeList  heap_4.o
    0x08003d90   0x08003d90   0x00000038   Code   RO         3911    i.prvInsertTimerInActiveList  timers.o
    0x08003dc8   0x08003dc8   0x0000001c   Code   RO         3169    i.prvIsQueueEmpty   queue.o
    0x08003de4   0x08003de4   0x000000cc   Code   RO         3912    i.prvProcessReceivedCommands  timers.o
    0x08003eb0   0x08003eb0   0x000000b4   Code   RO         3913    i.prvProcessTimerOrBlockTask  timers.o
    0x08003f64   0x08003f64   0x00000020   Code   RO         3565    i.prvResetNextTaskUnblockTime  tasks.o
    0x08003f84   0x08003f84   0x00000028   Code   RO         3914    i.prvSampleTimeNow  timers.o
    0x08003fac   0x08003fac   0x0000006c   Code   RO         3915    i.prvSwitchTimerLists  timers.o
    0x08004018   0x08004018   0x00000028   Code   RO         4535    i.prvTaskExitError  port.o
    0x08004040   0x08004040   0x00000034   Code   RO         3567    i.prvTaskIsTaskSuspended  tasks.o
    0x08004074   0x08004074   0x00000024   Code   RO         3916    i.prvTimerTask      timers.o
    0x08004098   0x08004098   0x0000006a   Code   RO         3170    i.prvUnlockQueue    queue.o
    0x08004102   0x08004102   0x00000002   PAD
    0x08004104   0x08004104   0x000000d8   Code   RO         4486    i.pvPortMalloc      heap_4.o
    0x080041dc   0x080041dc   0x00000024   Code   RO         4536    i.pxPortInitialiseStack  port.o
    0x08004200   0x08004200   0x00000012   Code   RO         5291    i.u8g2_ClearBuffer  u8g2_buffer.o
    0x08004212   0x08004212   0x0000001e   Code   RO         5455    i.u8g2_ClearDisplay  u8g2_cleardisplay.o
    0x08004230   0x08004230   0x00000044   Code   RO         5261    i.u8g2_DrawBox      u8g2_box.o
    0x08004274   0x08004274   0x00000040   Code   RO         5385    i.u8g2_DrawCircle   u8g2_circle.o
    0x080042b4   0x080042b4   0x00000040   Code   RO         5386    i.u8g2_DrawDisc     u8g2_circle.o
    0x080042f4   0x080042f4   0x00000088   Code   RO         5262    i.u8g2_DrawFrame    u8g2_box.o
    0x0800437c   0x0800437c   0x00000070   Code   RO         5503    i.u8g2_DrawGlyph    u8g2_font.o
    0x080043ec   0x080043ec   0x0000000c   Code   RO         7757    i.u8g2_DrawHLine    u8g2_hvline.o
    0x080043f8   0x080043f8   0x000000ac   Code   RO         7758    i.u8g2_DrawHVLine   u8g2_hvline.o
    0x080044a4   0x080044a4   0x00000094   Code   RO         5215    i.u8g2_DrawHXBMP    u8g2_bitmap.o
    0x08004538   0x08004538   0x000000b2   Code   RO         7855    i.u8g2_DrawLine     u8g2_line.o
    0x080045ea   0x080045ea   0x0000002e   Code   RO         7759    i.u8g2_DrawPixel    u8g2_hvline.o
    0x08004618   0x08004618   0x000000e6   Code   RO         5263    i.u8g2_DrawRBox     u8g2_box.o
    0x080046fe   0x080046fe   0x00000002   PAD
    0x08004700   0x08004700   0x00000010   Code   RO         5505    i.u8g2_DrawStr      u8g2_font.o
    0x08004710   0x08004710   0x0000000c   Code   RO         7760    i.u8g2_DrawVLine    u8g2_hvline.o
    0x0800471c   0x0800471c   0x0000004c   Code   RO         5218    i.u8g2_DrawXBMP     u8g2_bitmap.o
    0x08004768   0x08004768   0x0000001c   Code   RO         5292    i.u8g2_FirstPage    u8g2_buffer.o
    0x08004784   0x08004784   0x0000003e   Code   RO         5515    i.u8g2_GetGlyphWidth  u8g2_font.o
    0x080047c2   0x080047c2   0x00000002   PAD
    0x080047c4   0x080047c4   0x0000000c   Code   RO         5516    i.u8g2_GetStrWidth  u8g2_font.o
    0x080047d0   0x080047d0   0x00000030   Code   RO         7819    i.u8g2_IsIntersection  u8g2_intersection.o
    0x08004800   0x08004800   0x0000003e   Code   RO         5293    i.u8g2_NextPage     u8g2_buffer.o
    0x0800483e   0x0800483e   0x00000012   Code   RO         5294    i.u8g2_SendBuffer   u8g2_buffer.o
    0x08004850   0x08004850   0x0000001c   Code   RO         5295    i.u8g2_SetBufferCurrTileRow  u8g2_buffer.o
    0x0800486c   0x0800486c   0x00000020   Code   RO         5521    i.u8g2_SetFont      u8g2_font.o
    0x0800488c   0x0800488c   0x0000000c   Code   RO         5524    i.u8g2_SetFontPosBaseline  u8g2_font.o
    0x08004898   0x08004898   0x0000001c   Code   RO         8007    i.u8g2_SetMaxClipWindow  u8g2_setup.o
    0x080048b4   0x080048b4   0x00000046   Code   RO         8008    i.u8g2_SetupBuffer  u8g2_setup.o
    0x080048fa   0x080048fa   0x00000002   PAD
    0x080048fc   0x080048fc   0x00000038   Code   RO         5480    i.u8g2_Setup_ssd1306_i2c_128x64_noname_f  u8g2_d_setup.o
    0x08004934   0x08004934   0x00000052   Code   RO         5531    i.u8g2_UpdateRefHeight  u8g2_font.o
    0x08004986   0x08004986   0x0000001c   Code   RO         5532    i.u8g2_add_vector_x  u8g2_font.o
    0x080049a2   0x080049a2   0x0000001c   Code   RO         5533    i.u8g2_add_vector_y  u8g2_font.o
    0x080049be   0x080049be   0x0000006e   Code   RO         8010    i.u8g2_apply_clip_window  u8g2_setup.o
    0x08004a2c   0x08004a2c   0x0000003c   Code   RO         7762    i.u8g2_clip_intersection2  u8g2_hvline.o
    0x08004a68   0x08004a68   0x00000044   Code   RO         9403    i.u8g2_config       data.o
    0x08004aac   0x08004aac   0x0000006a   Code   RO         5389    i.u8g2_draw_circle  u8g2_circle.o
    0x08004b16   0x08004b16   0x000000ba   Code   RO         5390    i.u8g2_draw_circle_section  u8g2_circle.o
    0x08004bd0   0x08004bd0   0x0000006a   Code   RO         5391    i.u8g2_draw_disc    u8g2_circle.o
    0x08004c3a   0x08004c3a   0x000000cc   Code   RO         5392    i.u8g2_draw_disc_section  u8g2_circle.o
    0x08004d06   0x08004d06   0x00000012   Code   RO         7763    i.u8g2_draw_hv_line_2dir  u8g2_hvline.o
    0x08004d18   0x08004d18   0x0000000c   Code   RO         8012    i.u8g2_draw_l90_r0  u8g2_setup.o
    0x08004d24   0x08004d24   0x00000076   Code   RO         5534    i.u8g2_draw_string  u8g2_font.o
    0x08004d9a   0x08004d9a   0x00000004   Code   RO         5540    i.u8g2_font_calc_vref_font  u8g2_font.o
    0x08004d9e   0x08004d9e   0x00000014   Code   RO         5542    i.u8g2_font_decode_get_signed_bits  u8g2_font.o
    0x08004db2   0x08004db2   0x00000034   Code   RO         5543    i.u8g2_font_decode_get_unsigned_bits  u8g2_font.o
    0x08004de6   0x08004de6   0x00000002   PAD
    0x08004de8   0x08004de8   0x00000114   Code   RO         5544    i.u8g2_font_decode_glyph  u8g2_font.o
    0x08004efc   0x08004efc   0x0000008c   Code   RO         5545    i.u8g2_font_decode_len  u8g2_font.o
    0x08004f88   0x08004f88   0x00000072   Code   RO         5546    i.u8g2_font_get_glyph_data  u8g2_font.o
    0x08004ffa   0x08004ffa   0x00000014   Code   RO         5547    i.u8g2_font_get_word  u8g2_font.o
    0x0800500e   0x0800500e   0x00000034   Code   RO         5548    i.u8g2_font_setup_decode  u8g2_font.o
    0x08005042   0x08005042   0x00000018   Code   RO         7820    i.u8g2_is_intersection_decision_tree  u8g2_intersection.o
    0x0800505a   0x0800505a   0x00000002   PAD
    0x0800505c   0x0800505c   0x00000090   Code   RO         7868    i.u8g2_ll_hvline_vertical_top_lsb  u8g2_ll_hvline.o
    0x080050ec   0x080050ec   0x0000000c   Code   RO         5467    i.u8g2_m_16_8_f     u8g2_d_memory.o
    0x080050f8   0x080050f8   0x0000006a   Code   RO         5549    i.u8g2_read_font_info  u8g2_font.o
    0x08005162   0x08005162   0x0000004e   Code   RO         5302    i.u8g2_send_buffer  u8g2_buffer.o
    0x080051b0   0x080051b0   0x00000018   Code   RO         5481    i.u8g2_stm32_delay  u8g2_d_setup.o
    0x080051c8   0x080051c8   0x00000074   Code   RO         5550    i.u8g2_string_width  u8g2_font.o
    0x0800523c   0x0800523c   0x00000046   Code   RO         8017    i.u8g2_update_dimension_common  u8g2_setup.o
    0x08005282   0x08005282   0x00000004   Code   RO         8018    i.u8g2_update_dimension_r0  u8g2_setup.o
    0x08005286   0x08005286   0x00000022   Code   RO         8022    i.u8g2_update_page_win_r0  u8g2_setup.o
    0x080052a8   0x080052a8   0x0000001e   Code   RO         8767    i.u8x8_DrawTile     u8x8_display.o
    0x080052c6   0x080052c6   0x00000010   Code   RO         8769    i.u8x8_InitDisplay  u8x8_display.o
    0x080052d6   0x080052d6   0x00000010   Code   RO         8771    i.u8x8_RefreshDisplay  u8x8_display.o
    0x080052e6   0x080052e6   0x00000010   Code   RO         8774    i.u8x8_SetPowerSave  u8x8_display.o
    0x080052f6   0x080052f6   0x00000022   Code   RO         9073    i.u8x8_Setup        u8x8_setup.o
    0x08005318   0x08005318   0x00000024   Code   RO         9074    i.u8x8_SetupDefaults  u8x8_setup.o
    0x0800533c   0x0800533c   0x00000010   Code   RO         8775    i.u8x8_SetupMemory  u8x8_display.o
    0x0800534c   0x0800534c   0x0000000e   Code   RO         8296    i.u8x8_ascii_next   u8x8_8x8.o
    0x0800535a   0x0800535a   0x00000010   Code   RO         8417    i.u8x8_byte_EndTransfer  u8x8_byte.o
    0x0800536a   0x0800536a   0x0000000e   Code   RO         8418    i.u8x8_byte_SendByte  u8x8_byte.o
    0x08005378   0x08005378   0x00000010   Code   RO         8421    i.u8x8_byte_StartTransfer  u8x8_byte.o
    0x08005388   0x08005388   0x00000064   Code   RO         8423    i.u8x8_byte_hw_i2c  u8x8_byte.o
    0x080053ec   0x080053ec   0x00000010   Code   RO         8519    i.u8x8_cad_EndTransfer  u8x8_cad.o
    0x080053fc   0x080053fc   0x00000010   Code   RO         8520    i.u8x8_cad_SendArg  u8x8_cad.o
    0x0800540c   0x0800540c   0x00000010   Code   RO         8521    i.u8x8_cad_SendCmd  u8x8_cad.o
    0x0800541c   0x0800541c   0x00000010   Code   RO         8522    i.u8x8_cad_SendData  u8x8_cad.o
    0x0800542c   0x0800542c   0x00000068   Code   RO         8524    i.u8x8_cad_SendSequence  u8x8_cad.o
    0x08005494   0x08005494   0x00000010   Code   RO         8525    i.u8x8_cad_StartTransfer  u8x8_cad.o
    0x080054a4   0x080054a4   0x000000bc   Code   RO         8528    i.u8x8_cad_ssd13xx_fast_i2c  u8x8_cad.o
    0x08005560   0x08005560   0x00000060   Code   RO         8776    i.u8x8_d_helper_display_init  u8x8_display.o
    0x080055c0   0x080055c0   0x0000000a   Code   RO         8777    i.u8x8_d_helper_display_setup_memory  u8x8_display.o
    0x080055ca   0x080055ca   0x00000002   PAD
    0x080055cc   0x080055cc   0x0000003c   Code   RO         8701    i.u8x8_d_ssd1306_128x64_noname  u8x8_d_ssd1306_128x64_noname.o
    0x08005608   0x08005608   0x000000c8   Code   RO         8703    i.u8x8_d_ssd1306_sh1106_generic  u8x8_d_ssd1306_128x64_noname.o
    0x080056d0   0x080056d0   0x00000004   Code   RO         9076    i.u8x8_dummy_cb     u8x8_setup.o
    0x080056d4   0x080056d4   0x0000000c   Code   RO         8995    i.u8x8_gpio_call    u8x8_gpio.o
    0x080056e0   0x080056e0   0x0000002c   Code   RO         8536    i.u8x8_i2c_data_transfer  u8x8_cad.o
    0x0800570c   0x0800570c   0x00000008   Code   RO         8304    i.u8x8_utf8_init    u8x8_8x8.o
    0x08005714   0x08005714   0x00000038   Code   RO         9300    i.udelay            driver_timer.o
    0x0800574c   0x0800574c   0x00000008   Code   RO         9404    i.ui_down           data.o
    0x08005754   0x08005754   0x00000008   Code   RO         9405    i.ui_left           data.o
    0x0800575c   0x0800575c   0x00000008   Code   RO         9406    i.ui_right          data.o
    0x08005764   0x08005764   0x00000036   Code   RO         9407    i.ui_run            data.o
    0x0800579a   0x0800579a   0x00000008   Code   RO         9408    i.ui_up             data.o
    0x080057a2   0x080057a2   0x00000026   Code   RO         3125    i.uxListRemove      list.o
    0x080057c8   0x080057c8   0x00000014   Code   RO         4126    i.vApplicationGetIdleTaskMemory  cmsis_os2.o
    0x080057dc   0x080057dc   0x00000018   Code   RO         4127    i.vApplicationGetTimerTaskMemory  cmsis_os2.o
    0x080057f4   0x080057f4   0x00000016   Code   RO         3126    i.vListInitialise   list.o
    0x0800580a   0x0800580a   0x00000006   Code   RO         3127    i.vListInitialiseItem  list.o
    0x08005810   0x08005810   0x00000030   Code   RO         3128    i.vListInsert       list.o
    0x08005840   0x08005840   0x00000018   Code   RO         3129    i.vListInsertEnd    list.o
    0x08005858   0x08005858   0x00000040   Code   RO         4538    i.vPortEnterCritical  port.o
    0x08005898   0x08005898   0x00000028   Code   RO         4539    i.vPortExitCritical  port.o
    0x080058c0   0x080058c0   0x0000005c   Code   RO         4487    i.vPortFree         heap_4.o
    0x0800591c   0x0800591c   0x00000024   Code   RO         4540    i.vPortSetupTimerInterrupt  port.o
    0x08005940   0x08005940   0x00000054   Code   RO         4541    i.vPortValidateInterruptPriority  port.o
    0x08005994   0x08005994   0x00000028   Code   RO         3176    i.vQueueAddToRegistry  queue.o
    0x080059bc   0x080059bc   0x00000044   Code   RO         3180    i.vQueueWaitForMessageRestricted  queue.o
    0x08005a00   0x08005a00   0x0000004c   Code   RO         3577    i.vTaskDelay        tasks.o
    0x08005a4c   0x08005a4c   0x00000010   Code   RO         3582    i.vTaskInternalSetTimeOutState  tasks.o
    0x08005a5c   0x08005a5c   0x0000000c   Code   RO         3583    i.vTaskMissedYield  tasks.o
    0x08005a68   0x08005a68   0x00000030   Code   RO         3585    i.vTaskPlaceOnEventList  tasks.o
    0x08005a98   0x08005a98   0x00000038   Code   RO         3586    i.vTaskPlaceOnEventListRestricted  tasks.o
    0x08005ad0   0x08005ad0   0x0000007c   Code   RO         3591    i.vTaskResume       tasks.o
    0x08005b4c   0x08005b4c   0x00000088   Code   RO         3594    i.vTaskStartScheduler  tasks.o
    0x08005bd4   0x08005bd4   0x0000009c   Code   RO         3595    i.vTaskSuspend      tasks.o
    0x08005c70   0x08005c70   0x00000010   Code   RO         3596    i.vTaskSuspendAll   tasks.o
    0x08005c80   0x08005c80   0x00000064   Code   RO         3597    i.vTaskSwitchContext  tasks.o
    0x08005ce4   0x08005ce4   0x000000a8   Code   RO         4542    i.xPortStartScheduler  port.o
    0x08005d8c   0x08005d8c   0x00000048   Code   RO         3185    i.xQueueGenericCreate  queue.o
    0x08005dd4   0x08005dd4   0x00000066   Code   RO         3186    i.xQueueGenericCreateStatic  queue.o
    0x08005e3a   0x08005e3a   0x00000002   PAD
    0x08005e3c   0x08005e3c   0x00000088   Code   RO         3187    i.xQueueGenericReset  queue.o
    0x08005ec4   0x08005ec4   0x00000160   Code   RO         3188    i.xQueueGenericSend  queue.o
    0x08006024   0x08006024   0x000000bc   Code   RO         3189    i.xQueueGenericSendFromISR  queue.o
    0x080060e0   0x080060e0   0x00000138   Code   RO         3198    i.xQueueReceive     queue.o
    0x08006218   0x08006218   0x00000074   Code   RO         3598    i.xTaskCheckForTimeOut  tasks.o
    0x0800628c   0x0800628c   0x0000005a   Code   RO         3599    i.xTaskCreate       tasks.o
    0x080062e6   0x080062e6   0x00000056   Code   RO         3600    i.xTaskCreateStatic  tasks.o
    0x0800633c   0x0800633c   0x0000001c   Code   RO         3604    i.xTaskGetSchedulerState  tasks.o
    0x08006358   0x08006358   0x0000000c   Code   RO         3605    i.xTaskGetTickCount  tasks.o
    0x08006364   0x08006364   0x000000c8   Code   RO         3607    i.xTaskIncrementTick  tasks.o
    0x0800642c   0x0800642c   0x00000080   Code   RO         3610    i.xTaskPriorityDisinherit  tasks.o
    0x080064ac   0x080064ac   0x00000070   Code   RO         3612    i.xTaskRemoveFromEventList  tasks.o
    0x0800651c   0x0800651c   0x000000c4   Code   RO         3613    i.xTaskResumeAll    tasks.o
    0x080065e0   0x080065e0   0x00000034   Code   RO         3921    i.xTimerCreate      timers.o
    0x08006614   0x08006614   0x00000060   Code   RO         3923    i.xTimerCreateTimerTask  timers.o
    0x08006674   0x08006674   0x00000068   Code   RO         3924    i.xTimerGenericCommand  timers.o
    0x080066dc   0x080066dc   0x00000012   Data   RO          322    .constdata          stm32f1xx_hal_rcc.o
    0x080066ee   0x080066ee   0x00000010   Data   RO         2523    .constdata          system_stm32f1xx.o
    0x080066fe   0x080066fe   0x00000008   Data   RO         2524    .constdata          system_stm32f1xx.o
    0x08006706   0x08006706   0x00000002   PAD
    0x08006708   0x08006708   0x00000024   Data   RO         2669    .constdata          freertos.o
    0x0800672c   0x0800672c   0x00000b8c   Data   RO         5902    .constdata          u8g2_fonts.o
    0x080072b8   0x080072b8   0x000007ca   Data   RO         6019    .constdata          u8g2_fonts.o
    0x08007a82   0x08007a82   0x00000632   Data   RO         6706    .constdata          u8g2_fonts.o
    0x080080b4   0x080080b4   0x0000363a   Data   RO         6956    .constdata          u8g2_fonts.o
    0x0800b6ee   0x0800b6ee   0x00002894   Data   RO         7507    .constdata          u8g2_fonts.o
    0x0800df82   0x0800df82   0x00000002   PAD
    0x0800df84   0x0800df84   0x0000000c   Data   RO         8026    .constdata          u8g2_setup.o
    0x0800df90   0x0800df90   0x00000158   Data   RO         8705    .constdata          u8x8_d_ssd1306_128x64_noname.o
    0x0800e0e8   0x0800e0e8   0x0000001e   Data   RO         9410    .constdata          data.o
    0x0800e106   0x0800e106   0x0000001e   Data   RO         9411    .constdata          data.o
    0x0800e124   0x0800e124   0x0000001e   Data   RO         9412    .constdata          data.o
    0x0800e142   0x0800e142   0x0000001e   Data   RO         9413    .constdata          data.o
    0x0800e160   0x0800e160   0x000004b0   Data   RO         9414    .constdata          data.o
    0x0800e610   0x0800e610   0x00000078   Data   RO         9415    .constdata          data.o
    0x0800e688   0x0800e688   0x00000060   Data   RO         9416    .constdata          data.o
    0x0800e6e8   0x0800e6e8   0x00000032   Data   RO         9480    .constdata          showmenu.o
    0x0800e71a   0x0800e71a   0x00000002   PAD
    0x0800e71c   0x0800e71c   0x000000ac   Data   RO         9531    .constdata          showcalendar.o
    0x0800e7c8   0x0800e7c8   0x00000032   Data   RO         9656    .constdata          showsetting.o
    0x0800e7fa   0x0800e7fa   0x00000002   PAD
    0x0800e7fc   0x0800e7fc   0x00000018   Data   RO         9728    .constdata          showdht11.o
    0x0800e814   0x0800e814   0x0000000c   Data   RO         2670    .conststring        freertos.o
    0x0800e820   0x0800e820   0x00000020   Data   RO         9935    Region$$Table       anon$$obj.o


    Execution Region RW_IRAM1 (Exec base: 0x20000000, Load base: 0x0800e840, Size: 0x00003e30, Max: 0x00005000, ABSOLUTE, COMPRESSED[0x00000288])

    Exec Addr    Load Addr    Size         Type   Attr      Idx    E Section Name        Object

    0x20000000   COMPRESSED   0x0000000c   Data   RW          159    .data               stm32f1xx_hal.o
    0x2000000c   COMPRESSED   0x00000004   Data   RW         2525    .data               system_stm32f1xx.o
    0x20000010   COMPRESSED   0x0000002c   Data   RW         2672    .data               freertos.o
    0x2000003c   COMPRESSED   0x0000003c   Data   RW         3616    .data               tasks.o
    0x20000078   COMPRESSED   0x00000014   Data   RW         3932    .data               timers.o
    0x2000008c   COMPRESSED   0x00000004   Data   RW         4129    .data               cmsis_os2.o
    0x20000090   COMPRESSED   0x00000018   Data   RW         4492    .data               heap_4.o
    0x200000a8   COMPRESSED   0x0000000c   Data   RW         4543    .data               port.o
    0x200000b4   COMPRESSED   0x00000003   Data   RW         8428    .data               u8x8_byte.o
    0x200000b7   COMPRESSED   0x00000006   Data   RW         8538    .data               u8x8_cad.o
    0x200000bd   COMPRESSED   0x00000003   PAD
    0x200000c0   COMPRESSED   0x00000004   Data   RW         9255    .data               driver_passive_buzzer.o
    0x200000c4   COMPRESSED   0x00000004   Data   RW         9335    .data               beep.o
    0x200000c8   COMPRESSED   0x00000048   Data   RW         9367    .data               showtimetask.o
    0x20000110   COMPRESSED   0x000000a8   Data   RW         9420    .data               data.o
    0x200001b8   COMPRESSED   0x000000a8   Data   RW         9421    .data               data.o
    0x20000260   COMPRESSED   0x000000a8   Data   RW         9422    .data               data.o
    0x20000308   COMPRESSED   0x000000a8   Data   RW         9423    .data               data.o
    0x200003b0   COMPRESSED   0x000000a8   Data   RW         9424    .data               data.o
    0x20000458   COMPRESSED   0x00000058   Data   RW         9491    .data               showmenu.o
    0x200004b0   COMPRESSED   0x00000004   Data   RW         9494    .data               showmenu.o
    0x200004b4   COMPRESSED   0x00000034   Data   RW         9585    .data               showclock.o
    0x200004e8   COMPRESSED   0x00000068   Data   RW         9657    .data               showsetting.o
    0x20000550        -       0x00000054   Zero   RW         2768    .bss                i2c.o
    0x200005a4        -       0x00000048   Zero   RW         2810    .bss                tim.o
    0x200005ec        -       0x00000048   Zero   RW         2964    .bss                stm32f1xx_hal_timebase_tim.o
    0x20000634        -       0x00000040   Zero   RW         3202    .bss                queue.o
    0x20000674        -       0x000004c4   Zero   RW         3615    .bss                tasks.o
    0x20000b38        -       0x00000118   Zero   RW         3931    .bss                timers.o
    0x20000c50        -       0x000006b8   Zero   RW         4128    .bss                cmsis_os2.o
    0x20001308        -       0x00002000   Zero   RW         4491    .bss                heap_4.o
    0x20003308        -       0x00000400   Zero   RW         5468    .bss                u8g2_d_memory.o
    0x20003708        -       0x00000020   Zero   RW         8427    .bss                u8x8_byte.o
    0x20003728        -       0x00000094   Zero   RW         9409    .bss                data.o
    0x200037bc        -       0x00000014   Zero   RW         9655    .bss                showsetting.o
    0x200037d0        -       0x00000060   Zero   RW         9809    .bss                c_w.l(libspace.o)
    0x20003830        -       0x00000200   Zero   RW            2    HEAP                startup_stm32f103xb.o
    0x20003a30        -       0x00000400   Zero   RW            1    STACK               startup_stm32f103xb.o


==============================================================================

Image component sizes


      Code (inc. data)   RO Data    RW Data    ZI Data      Debug   Object Name

       102         30          0          4          0       1456   beep.o
       380         32          0          4       1720      14054   cmsis_os2.o
       154         22       1536        840        148       4889   data.o
       304         18          0          0          0       3894   driver_dht11.o
       264         30          0          4          0       2387   driver_passive_buzzer.o
        82          4          0          0          0       1546   driver_timer.o
         0          0          0          0          0      17588   event_groups.o
       616        212         48         44          0     174566   freertos.o
       240         22          0          0          0        943   gpio.o
       460         24          0         24       8192       4511   heap_4.o
       156         26          0          0         84       1521   i2c.o
       138          0          0          0          0       3234   list.o
       152          6          0          0          0      10348   main.o
         0          0          0          0          0     159178   mui_u8g2.o
       662         70          0         12          0      10505   port.o
      1584         20          0          0         64      15078   queue.o
       626         46        172          0          0       3802   showcalendar.o
       872         80          0         52          0       3170   showclock.o
       416         48         24          0          0        916   showdht11.o
       256         32          0          0          0        681   showflashlight.o
      1292        108         50         92          0       3687   showmenu.o
      1092        160         50        104         20       3878   showsetting.o
       664         72          0         72          0       4177   showtimetask.o
        64         26        236          0       1536        784   startup_stm32f103xb.o
       100         18          0         12          0       5066   stm32f1xx_hal.o
       192         14          0          0          0      28692   stm32f1xx_hal_cortex.o
       524         40          0          0          0       3974   stm32f1xx_hal_gpio.o
         0          0          0          0          0     425124   stm32f1xx_hal_gpio_ex.o
      1398         32          0          0          0       8873   stm32f1xx_hal_i2c.o
        72         10          0          0          0        818   stm32f1xx_hal_msp.o
      1272         82         18          0          0       5022   stm32f1xx_hal_rcc.o
      1892         62          0          0          0      15610   stm32f1xx_hal_tim.o
       108         12          0          0          0       2297   stm32f1xx_hal_tim_ex.o
       152         20          0          0         72       1399   stm32f1xx_hal_timebase_tim.o
        70         12          0          0          0       4526   stm32f1xx_it.o
         0          0          0          0          0       8860   stream_buffer.o
         2          0         24          4          0       1035   system_stm32f1xx.o
      2396        200          0         60       1220      24977   tasks.o
       208         28          0          0         72       2027   tim.o
      1032         82          0         20        280      27410   timers.o
       224          0          0          0          0       1929   u8g2_bitmap.o
       434          0          0          0          0       2128   u8g2_box.o
       232          0          0          0          0       3808   u8g2_buffer.o
       730          0          0          0          0       5718   u8g2_circle.o
        30          0          0          0          0        516   u8g2_cleardisplay.o
        12          4          0          0       1024        740   u8g2_d_memory.o
        80         14          0          0          0       1660   u8g2_d_setup.o
      1402         14          0          0          0      14736   u8g2_font.o
         0          0      30806          0          0     145283   u8g2_fonts.o
       320          0          0          0          0       3898   u8g2_hvline.o
        72          0          0          0          0       1739   u8g2_intersection.o
       178          0          0          0          0        932   u8g2_line.o
       144          0          0          0          0       1274   u8g2_ll_hvline.o
       328          0         12          0          0     146279   u8g2_setup.o
        22          0          0          0          0       1673   u8x8_8x8.o
       146         12          0          3         32       4959   u8x8_byte.o
       416         12          0          6          0       8152   u8x8_cad.o
       260         12        344          0          0       2899   u8x8_d_ssd1306_128x64_noname.o
       200          0          0          0          0       3910   u8x8_display.o
        12          0          0          0          0        533   u8x8_gpio.o
        74          4          0          0          0       1586   u8x8_setup.o

    ----------------------------------------------------------------------
     25354       1772      33360       1360      14464    1366855   Object Totals
         0          0         32          0          0          0   (incl. Generated)
        44          0          8          3          0          0   (incl. Padding)

    ----------------------------------------------------------------------

      Code (inc. data)   RO Data    RW Data    ZI Data      Debug   Library Member Name

        90          0          0          0          0          0   __dczerorl2.o
         8          0          0          0          0         68   __main.o
         0          0          0          0          0          0   __rtentry.o
        12          0          0          0          0          0   __rtentry2.o
         6          0          0          0          0          0   __rtentry4.o
        52          8          0          0          0          0   __scatter.o
        28          0          0          0          0          0   __scatter_zi.o
        16          0          0          0          0         68   aeabi_memset.o
        18          0          0          0          0         80   exit.o
         6          0          0          0          0        152   heapauxi.o
         0          0          0          0          0          0   indicate_semi.o
         2          0          0          0          0          0   libinit.o
         2          0          0          0          0          0   libinit2.o
         2          0          0          0          0          0   libshutdown.o
         2          0          0          0          0          0   libshutdown2.o
         8          4          0          0         96         68   libspace.o
        68          0          0          0          0         68   rt_memclr.o
        78          0          0          0          0         80   rt_memclr_w.o
       138          0          0          0          0         68   rt_memcpy_v6.o
       100          0          0          0          0         80   rt_memcpy_w.o
         2          0          0          0          0          0   rtexit.o
        10          0          0          0          0          0   rtexit2.o
        12          4          0          0          0         68   sys_exit.o
        74          0          0          0          0         80   sys_stackheap_outer.o
         2          0          0          0          0         68   use_no_semi.o

    ----------------------------------------------------------------------
       742         16          0          0         96        948   Library Totals
         6          0          0          0          0          0   (incl. Padding)

    ----------------------------------------------------------------------

      Code (inc. data)   RO Data    RW Data    ZI Data      Debug   Library Name

       736         16          0          0         96        948   c_w.l

    ----------------------------------------------------------------------
       742         16          0          0         96        948   Library Totals

    ----------------------------------------------------------------------

==============================================================================


      Code (inc. data)   RO Data    RW Data    ZI Data      Debug   

     26096       1788      33360       1360      14560    1353395   Grand Totals
     26096       1788      33360        648      14560    1353395   ELF Image Totals (compressed)
     26096       1788      33360        648          0          0   ROM Totals

==============================================================================

    Total RO  Size (Code + RO Data)                59456 (  58.06kB)
    Total RW  Size (RW Data + ZI Data)             15920 (  15.55kB)
    Total ROM Size (Code + RO Data + RW Data)      60104 (  58.70kB)

==============================================================================

